======================================================================
STFT CNN TRAINING — RUN: STFTFreqNet_v2
Started: 2026-04-24 14:11:33
======================================================================
Device             : cuda  (NVIDIA GeForce RTX 3060 Laptop GPU)
Mixed precision    : True
Model              : STFTFreqNet  channels=(24, 48, 72, 96, 128)  pool_freq=8  head_hidden=128
Features dir       : C:\Project Work\Outputs\4class\v2_speed_strat\features
Healthy subsample  : None
Class weighting    : False
Dropout            : 0.3
Weight decay       : 0.0001
Label smoothing    : 0.0
Batch size         : 64
Max epochs         : 40  (patience=8, min=12)

Loading precomputed features:
  Loading train.pt ... 5757 samples, 1512 MB, mmap (0.0s)
  Loading val.pt ... 1254 samples, 329 MB, mmap (0.0s)
  Loading test.pt ... C:\Project Work\Scripts_4\train_stft_freqnet_v2.py:546: FutureWarning: `torch.cuda.amp.GradScaler(args...)` is deprecated. Please use `torch.amp.GradScaler('cuda', args...)` instead.
  scaler = GradScaler(enabled=use_amp_effective)
C:\Project Work\Scripts_4\train_stft_freqnet_v2.py:373: FutureWarning: `torch.cuda.amp.autocast(args...)` is deprecated. Please use `torch.amp.autocast('cuda', args...)` instead.
  with autocast():
C:\Project Work\Scripts_4\train_stft_freqnet_v2.py:373: FutureWarning: `torch.cuda.amp.autocast(args...)` is deprecated. Please use `torch.amp.autocast('cuda', args...)` instead.
  with autocast():
C:\Project Work\Scripts_4\train_stft_freqnet_v2.py:373: FutureWarning: `torch.cuda.amp.autocast(args...)` is deprecated. Please use `torch.amp.autocast('cuda', args...)` instead.
  with autocast():
C:\Project Work\Scripts_4\train_stft_freqnet_v2.py:373: FutureWarning: `torch.cuda.amp.autocast(args...)` is deprecated. Please use `torch.amp.autocast('cuda', args...)` instead.
  with autocast():
C:\Project Work\Scripts_4\train_stft_freqnet_v2.py:373: FutureWarning: `torch.cuda.amp.autocast(args...)` is deprecated. Please use `torch.amp.autocast('cuda', args...)` instead.
  with autocast():
C:\Project Work\Scripts_4\train_stft_freqnet_v2.py:373: FutureWarning: `torch.cuda.amp.autocast(args...)` is deprecated. Please use `torch.amp.autocast('cuda', args...)` instead.
  with autocast():
C:\Project Work\Scripts_4\train_stft_freqnet_v2.py:373: FutureWarning: `torch.cuda.amp.autocast(args...)` is deprecated. Please use `torch.amp.autocast('cuda', args...)` instead.
  with autocast():
C:\Project Work\Scripts_4\train_stft_freqnet_v2.py:373: FutureWarning: `torch.cuda.amp.autocast(args...)` is deprecated. Please use `torch.amp.autocast('cuda', args...)` instead.
  with autocast():
C:\Project Work\Scripts_4\train_stft_freqnet_v2.py:373: FutureWarning: `torch.cuda.amp.autocast(args...)` is deprecated. Please use `torch.amp.autocast('cuda', args...)` instead.
  with autocast():
C:\Project Work\Scripts_4\train_stft_freqnet_v2.py:373: FutureWarning: `torch.cuda.amp.autocast(args...)` is deprecated. Please use `torch.amp.autocast('cuda', args...)` instead.
  with autocast():
C:\Project Work\Scripts_4\train_stft_freqnet_v2.py:373: FutureWarning: `torch.cuda.amp.autocast(args...)` is deprecated. Please use `torch.amp.autocast('cuda', args...)` instead.
  with autocast():
C:\Project Work\Scripts_4\train_stft_freqnet_v2.py:373: FutureWarning: `torch.cuda.amp.autocast(args...)` is deprecated. Please use `torch.amp.autocast('cuda', args...)` instead.
  with autocast():
1368 samples, 359 MB, mmap (0.0s)

4 classes: ['healthy 1', 'stator short 1', 'bearing bpfo 3', 'broken rotor bar']
Train: 5757   Val: 1254   Test: 1368

Train class distribution:
  healthy 1               3876  ( 67.3%)
  stator short 1           513  (  8.9%)
  bearing bpfo 3           855  ( 14.9%)
  broken rotor bar         513  (  8.9%)

Model: STFTFreqNet
  total parameters     : 679,836
  trainable parameters : 679,836
  params per train smpl: 118.1
  parameters per stage :
    stem        120
    block1   45,120
    block2   98,784
    block3  145,536
    block4  258,560
    head    131,716

────────────────────────────────────────────────────────────────────────────────
epoch  tr_loss tr_acc tr_f1  |  va_loss va_acc va_f1           lr    time
────────────────────────────────────────────────────────────────────────────────
  >> Epoch 1/40 — training
     batch    9/90  loss=0.694  (5.4 batch/s, ETA 15s)
     batch   18/90  loss=0.653  (6.2 batch/s, ETA 12s)
     batch   27/90  loss=0.557  (6.6 batch/s, ETA 10s)
     batch   36/90  loss=0.410  (6.8 batch/s, ETA 8s)
     batch   45/90  loss=0.463  (7.0 batch/s, ETA 6s)
     batch   54/90  loss=0.561  (7.2 batch/s, ETA 5s)
     batch   63/90  loss=0.711  (7.2 batch/s, ETA 4s)
     batch   72/90  loss=0.493  (7.3 batch/s, ETA 2s)
     batch   81/90  loss=0.388  (7.3 batch/s, ETA 1s)
     batch   90/90  loss=0.567  (7.4 batch/s, ETA 0s)
  >> Epoch 1/40 — validating
     batch    2/20  loss=0.235  (27.1 batch/s, ETA 1s)
     batch    4/20  loss=0.191  (26.3 batch/s, ETA 1s)
     batch    6/20  loss=0.139  (26.2 batch/s, ETA 1s)
     batch    8/20  loss=0.105  (26.1 batch/s, ETA 0s)
     batch   10/20  loss=0.099  (26.1 batch/s, ETA 0s)
     batch   12/20  loss=1.940  (26.1 batch/s, ETA 0s)
     batch   14/20  loss=0.827  (26.2 batch/s, ETA 0s)
     batch   16/20  loss=2.005  (26.2 batch/s, ETA 0s)
     batch   18/20  loss=4.844  (26.0 batch/s, ETA 0s)
     batch   20/20  loss=2.935  (26.1 batch/s, ETA 0s)
    1   0.6080  0.755 0.485  |   1.0371  0.672 0.355     0.000998     13s *
  >> Epoch 2/40 — training
     batch    9/90  loss=0.544  (7.8 batch/s, ETA 10s)
     batch   18/90  loss=0.476  (7.8 batch/s, ETA 9s)
     batch   27/90  loss=0.409  (7.8 batch/s, ETA 8s)
     batch   36/90  loss=0.585  (7.8 batch/s, ETA 7s)
     batch   45/90  loss=0.477  (7.8 batch/s, ETA 6s)
     batch   54/90  loss=0.429  (7.8 batch/s, ETA 5s)
     batch   63/90  loss=0.514  (7.8 batch/s, ETA 3s)
     batch   72/90  loss=0.419  (7.8 batch/s, ETA 2s)
     batch   81/90  loss=0.393  (7.8 batch/s, ETA 1s)
     batch   90/90  loss=0.325  (7.8 batch/s, ETA 0s)
  >> Epoch 2/40 — validating
     batch    2/20  loss=0.172  (27.7 batch/s, ETA 1s)
     batch    4/20  loss=0.174  (27.2 batch/s, ETA 1s)
     batch    6/20  loss=0.165  (27.2 batch/s, ETA 1s)
     batch    8/20  loss=0.198  (27.2 batch/s, ETA 0s)
     batch   10/20  loss=0.196  (27.2 batch/s, ETA 0s)
     batch   12/20  loss=0.155  (27.2 batch/s, ETA 0s)
     batch   14/20  loss=0.002  (27.2 batch/s, ETA 0s)
     batch   16/20  loss=1.863  (27.1 batch/s, ETA 0s)
     batch   18/20  loss=0.036  (27.2 batch/s, ETA 0s)
     batch   20/20  loss=0.032  (27.7 batch/s, ETA 0s)
    2   0.4732  0.819 0.635  |   0.3675  0.864 0.724     0.000994     12s *
  >> Epoch 3/40 — training
     batch    9/90  loss=0.497  (7.9 batch/s, ETA 10s)
     batch   18/90  loss=0.354  (7.8 batch/s, ETA 9s)
     batch   27/90  loss=0.550  (7.8 batch/s, ETA 8s)
     batch   36/90  loss=0.413  (7.8 batch/s, ETA 7s)
     batch   45/90  loss=0.309  (7.8 batch/s, ETA 6s)
     batch   54/90  loss=0.452  (7.8 batch/s, ETA 5s)
     batch   63/90  loss=0.329  (7.8 batch/s, ETA 3s)
     batch   72/90  loss=0.455  (7.8 batch/s, ETA 2s)
     batch   81/90  loss=0.304  (7.8 batch/s, ETA 1s)
     batch   90/90  loss=0.275  (7.8 batch/s, ETA 0s)
  >> Epoch 3/40 — validating
     batch    2/20  loss=0.210  (27.6 batch/s, ETA 1s)
     batch    4/20  loss=0.192  (27.3 batch/s, ETA 1s)
     batch    6/20  loss=0.173  (27.3 batch/s, ETA 1s)
     batch    8/20  loss=0.133  (27.3 batch/s, ETA 0s)
     batch   10/20  loss=0.123  (27.3 batch/s, ETA 0s)
     batch   12/20  loss=0.156  (27.3 batch/s, ETA 0s)
     batch   14/20  loss=0.001  (27.2 batch/s, ETA 0s)
     batch   16/20  loss=1.800  (27.3 batch/s, ETA 0s)
     batch   18/20  loss=0.002  (27.3 batch/s, ETA 0s)
     batch   20/20  loss=0.000  (27.8 batch/s, ETA 0s)
    3   0.3930  0.851 0.725  |   0.3639  0.864 0.724     0.000986     12s
  >> Epoch 4/40 — training
     batch    9/90  loss=0.313  (7.7 batch/s, ETA 11s)
     batch   18/90  loss=0.540  (7.8 batch/s, ETA 9s)
     batch   27/90  loss=0.488  (7.8 batch/s, ETA 8s)
     batch   36/90  loss=0.375  (7.8 batch/s, ETA 7s)
     batch   45/90  loss=0.366  (7.8 batch/s, ETA 6s)
     batch   54/90  loss=0.351  (7.8 batch/s, ETA 5s)
     batch   63/90  loss=0.249  (7.8 batch/s, ETA 3s)
     batch   72/90  loss=0.437  (7.8 batch/s, ETA 2s)
     batch   81/90  loss=0.544  (7.8 batch/s, ETA 1s)
     batch   90/90  loss=0.413  (7.8 batch/s, ETA 0s)
  >> Epoch 4/40 — validating
     batch    2/20  loss=0.109  (23.6 batch/s, ETA 1s)
     batch    4/20  loss=0.116  (24.0 batch/s, ETA 1s)
     batch    6/20  loss=0.126  (24.5 batch/s, ETA 1s)
     batch    8/20  loss=0.093  (24.7 batch/s, ETA 0s)
     batch   10/20  loss=0.094  (24.9 batch/s, ETA 0s)
     batch   12/20  loss=0.063  (25.2 batch/s, ETA 0s)
     batch   14/20  loss=0.009  (25.5 batch/s, ETA 0s)
     batch   16/20  loss=2.164  (25.6 batch/s, ETA 0s)
     batch   18/20  loss=0.263  (25.7 batch/s, ETA 0s)
     batch   20/20  loss=0.405  (26.2 batch/s, ETA 0s)
    4   0.4083  0.845 0.718  |   0.4123  0.857 0.712     0.000976     12s
  >> Epoch 5/40 — training
     batch    9/90  loss=0.398  (7.8 batch/s, ETA 10s)
     batch   18/90  loss=0.391  (7.8 batch/s, ETA 9s)
     batch   27/90  loss=0.336  (7.7 batch/s, ETA 8s)
     batch   36/90  loss=0.378  (7.7 batch/s, ETA 7s)
     batch   45/90  loss=0.564  (7.7 batch/s, ETA 6s)
     batch   54/90  loss=0.531  (7.7 batch/s, ETA 5s)
     batch   63/90  loss=0.348  (7.7 batch/s, ETA 3s)
     batch   72/90  loss=0.203  (7.7 batch/s, ETA 2s)
     batch   81/90  loss=0.296  (7.7 batch/s, ETA 1s)
     batch   90/90  loss=0.456  (7.7 batch/s, ETA 0s)
  >> Epoch 5/40 — validating
     batch    2/20  loss=0.184  (26.9 batch/s, ETA 1s)
     batch    4/20  loss=0.200  (26.5 batch/s, ETA 1s)
     batch    6/20  loss=0.231  (26.3 batch/s, ETA 1s)
     batch    8/20  loss=0.105  (26.4 batch/s, ETA 0s)
     batch   10/20  loss=0.077  (26.3 batch/s, ETA 0s)
     batch   12/20  loss=0.074  (26.1 batch/s, ETA 0s)
     batch   14/20  loss=0.000  (26.1 batch/s, ETA 0s)
     batch   16/20  loss=1.607  (26.2 batch/s, ETA 0s)
     batch   18/20  loss=0.005  (26.2 batch/s, ETA 0s)
     batch   20/20  loss=0.020  (26.7 batch/s, ETA 0s)
    5   0.3940  0.849 0.725  |   0.3749  0.864 0.724     0.000962     12s
  >> Epoch 6/40 — training
     batch    9/90  loss=0.466  (7.7 batch/s, ETA 11s)
     batch   18/90  loss=0.397  (7.6 batch/s, ETA 9s)
     batch   27/90  loss=0.337  (7.4 batch/s, ETA 8s)
     batch   36/90  loss=0.520  (7.4 batch/s, ETA 7s)
     batch   45/90  loss=0.412  (7.4 batch/s, ETA 6s)
     batch   54/90  loss=0.330  (7.4 batch/s, ETA 5s)
     batch   63/90  loss=0.358  (7.4 batch/s, ETA 4s)
     batch   72/90  loss=0.422  (7.3 batch/s, ETA 2s)
     batch   81/90  loss=0.233  (7.3 batch/s, ETA 1s)
     batch   90/90  loss=0.301  (7.3 batch/s, ETA 0s)
  >> Epoch 6/40 — validating
     batch    2/20  loss=0.190  (26.2 batch/s, ETA 1s)
     batch    4/20  loss=0.199  (25.9 batch/s, ETA 1s)
     batch    6/20  loss=0.233  (25.7 batch/s, ETA 1s)C:\Project Work\Scripts_4\train_stft_freqnet_v2.py:373: FutureWarning: `torch.cuda.amp.autocast(args...)` is deprecated. Please use `torch.amp.autocast('cuda', args...)` instead.
  with autocast():
C:\Project Work\Scripts_4\train_stft_freqnet_v2.py:373: FutureWarning: `torch.cuda.amp.autocast(args...)` is deprecated. Please use `torch.amp.autocast('cuda', args...)` instead.
  with autocast():
C:\Project Work\Scripts_4\train_stft_freqnet_v2.py:373: FutureWarning: `torch.cuda.amp.autocast(args...)` is deprecated. Please use `torch.amp.autocast('cuda', args...)` instead.
  with autocast():
C:\Project Work\Scripts_4\train_stft_freqnet_v2.py:373: FutureWarning: `torch.cuda.amp.autocast(args...)` is deprecated. Please use `torch.amp.autocast('cuda', args...)` instead.
  with autocast():
C:\Project Work\Scripts_4\train_stft_freqnet_v2.py:373: FutureWarning: `torch.cuda.amp.autocast(args...)` is deprecated. Please use `torch.amp.autocast('cuda', args...)` instead.
  with autocast():
C:\Project Work\Scripts_4\train_stft_freqnet_v2.py:373: FutureWarning: `torch.cuda.amp.autocast(args...)` is deprecated. Please use `torch.amp.autocast('cuda', args...)` instead.
  with autocast():
C:\Project Work\Scripts_4\train_stft_freqnet_v2.py:373: FutureWarning: `torch.cuda.amp.autocast(args...)` is deprecated. Please use `torch.amp.autocast('cuda', args...)` instead.
  with autocast():
C:\Project Work\Scripts_4\train_stft_freqnet_v2.py:373: FutureWarning: `torch.cuda.amp.autocast(args...)` is deprecated. Please use `torch.amp.autocast('cuda', args...)` instead.
  with autocast():
C:\Project Work\Scripts_4\train_stft_freqnet_v2.py:373: FutureWarning: `torch.cuda.amp.autocast(args...)` is deprecated. Please use `torch.amp.autocast('cuda', args...)` instead.
  with autocast():
C:\Project Work\Scripts_4\train_stft_freqnet_v2.py:373: FutureWarning: `torch.cuda.amp.autocast(args...)` is deprecated. Please use `torch.amp.autocast('cuda', args...)` instead.
  with autocast():
C:\Project Work\Scripts_4\train_stft_freqnet_v2.py:373: FutureWarning: `torch.cuda.amp.autocast(args...)` is deprecated. Please use `torch.amp.autocast('cuda', args...)` instead.
  with autocast():
C:\Project Work\Scripts_4\train_stft_freqnet_v2.py:373: FutureWarning: `torch.cuda.amp.autocast(args...)` is deprecated. Please use `torch.amp.autocast('cuda', args...)` instead.
  with autocast():
C:\Project Work\Scripts_4\train_stft_freqnet_v2.py:373: FutureWarning: `torch.cuda.amp.autocast(args...)` is deprecated. Please use `torch.amp.autocast('cuda', args...)` instead.
  with autocast():

     batch    8/20  loss=0.080  (25.7 batch/s, ETA 0s)
     batch   10/20  loss=0.053  (25.8 batch/s, ETA 0s)
     batch   12/20  loss=0.047  (25.7 batch/s, ETA 0s)
     batch   14/20  loss=0.000  (25.7 batch/s, ETA 0s)
     batch   16/20  loss=1.575  (25.6 batch/s, ETA 0s)
     batch   18/20  loss=0.003  (25.2 batch/s, ETA 0s)
     batch   20/20  loss=0.027  (25.2 batch/s, ETA 0s)
    6   0.3761  0.855 0.752  |   0.3725  0.864 0.724     0.000946     13s
  >> Epoch 7/40 — training
     batch    9/90  loss=0.400  (7.4 batch/s, ETA 11s)
     batch   18/90  loss=0.398  (7.4 batch/s, ETA 10s)
     batch   27/90  loss=0.361  (7.4 batch/s, ETA 9s)
     batch   36/90  loss=0.413  (7.4 batch/s, ETA 7s)
     batch   45/90  loss=0.353  (7.4 batch/s, ETA 6s)
     batch   54/90  loss=0.525  (7.4 batch/s, ETA 5s)
     batch   63/90  loss=0.494  (7.4 batch/s, ETA 4s)
     batch   72/90  loss=0.246  (7.4 batch/s, ETA 2s)
     batch   81/90  loss=0.418  (7.4 batch/s, ETA 1s)
     batch   90/90  loss=0.590  (7.4 batch/s, ETA 0s)
  >> Epoch 7/40 — validating
     batch    2/20  loss=0.362  (26.3 batch/s, ETA 1s)
     batch    4/20  loss=0.404  (26.0 batch/s, ETA 1s)
     batch    6/20  loss=0.438  (25.8 batch/s, ETA 1s)
     batch    8/20  loss=0.273  (25.6 batch/s, ETA 0s)
     batch   10/20  loss=0.221  (25.5 batch/s, ETA 0s)
     batch   12/20  loss=0.218  (25.5 batch/s, ETA 0s)
     batch   14/20  loss=0.000  (25.4 batch/s, ETA 0s)
     batch   16/20  loss=0.990  (25.4 batch/s, ETA 0s)
     batch   18/20  loss=0.004  (25.5 batch/s, ETA 0s)
     batch   20/20  loss=0.044  (25.9 batch/s, ETA 0s)
    7   0.3838  0.852 0.736  |   0.3870  0.854 0.722     0.000926     13s
  >> Epoch 8/40 — training
     batch    9/90  loss=0.385  (7.4 batch/s, ETA 11s)
     batch   18/90  loss=0.432  (7.4 batch/s, ETA 10s)
     batch   27/90  loss=0.355  (7.4 batch/s, ETA 8s)
     batch   36/90  loss=0.283  (7.4 batch/s, ETA 7s)
     batch   45/90  loss=0.413  (7.4 batch/s, ETA 6s)
     batch   54/90  loss=0.442  (7.4 batch/s, ETA 5s)
     batch   63/90  loss=0.255  (7.4 batch/s, ETA 4s)
     batch   72/90  loss=0.394  (7.4 batch/s, ETA 2s)
     batch   81/90  loss=0.310  (7.4 batch/s, ETA 1s)
     batch   90/90  loss=0.477  (7.4 batch/s, ETA 0s)
  >> Epoch 8/40 — validating
     batch    2/20  loss=0.222  (25.9 batch/s, ETA 1s)
     batch    4/20  loss=0.197  (25.7 batch/s, ETA 1s)
     batch    6/20  loss=0.173  (25.6 batch/s, ETA 1s)
     batch    8/20  loss=0.127  (25.6 batch/s, ETA 0s)
     batch   10/20  loss=0.091  (25.5 batch/s, ETA 0s)
     batch   12/20  loss=0.196  (25.4 batch/s, ETA 0s)
     batch   14/20  loss=0.000  (25.4 batch/s, ETA 0s)
     batch   16/20  loss=1.509  (25.4 batch/s, ETA 0s)
     batch   18/20  loss=0.000  (25.5 batch/s, ETA 0s)
     batch   20/20  loss=0.000  (26.0 batch/s, ETA 0s)
    8   0.3770  0.855 0.750  |   0.3698  0.851 0.721     0.000905     13s
  >> Epoch 9/40 — training
     batch    9/90  loss=0.426  (7.4 batch/s, ETA 11s)
     batch   18/90  loss=0.412  (7.3 batch/s, ETA 10s)
     batch   27/90  loss=0.316  (7.3 batch/s, ETA 9s)
     batch   36/90  loss=0.351  (7.3 batch/s, ETA 7s)
     batch   45/90  loss=0.299  (7.3 batch/s, ETA 6s)
     batch   54/90  loss=0.277  (7.3 batch/s, ETA 5s)
     batch   63/90  loss=0.307  (7.3 batch/s, ETA 4s)
     batch   72/90  loss=0.295  (7.3 batch/s, ETA 2s)
     batch   81/90  loss=0.456  (7.3 batch/s, ETA 1s)
     batch   90/90  loss=0.597  (7.3 batch/s, ETA 0s)
  >> Epoch 9/40 — validating
     batch    2/20  loss=0.122  (25.5 batch/s, ETA 1s)
     batch    4/20  loss=0.154  (25.2 batch/s, ETA 1s)
     batch    6/20  loss=0.225  (25.1 batch/s, ETA 1s)
     batch    8/20  loss=0.094  (25.1 batch/s, ETA 0s)
     batch   10/20  loss=0.063  (25.1 batch/s, ETA 0s)
     batch   12/20  loss=0.095  (25.1 batch/s, ETA 0s)
     batch   14/20  loss=0.000  (25.2 batch/s, ETA 0s)
     batch   16/20  loss=1.516  (25.1 batch/s, ETA 0s)
     batch   18/20  loss=0.010  (25.1 batch/s, ETA 0s)
     batch   20/20  loss=0.000  (25.6 batch/s, ETA 0s)
    9   0.3682  0.854 0.751  |   0.3775  0.864 0.724     0.000880     13s
  >> Epoch 10/40 — training
     batch    9/90  loss=0.370  (7.1 batch/s, ETA 11s)
     batch   18/90  loss=0.449  (7.0 batch/s, ETA 10s)
     batch   27/90  loss=0.371  (6.9 batch/s, ETA 9s)
     batch   36/90  loss=0.644  (6.9 batch/s, ETA 8s)
     batch   45/90  loss=0.367  (6.9 batch/s, ETA 7s)
     batch   54/90  loss=0.391  (6.9 batch/s, ETA 5s)
     batch   63/90  loss=0.483  (7.0 batch/s, ETA 4s)
     batch   72/90  loss=0.399  (7.0 batch/s, ETA 3s)
     batch   81/90  loss=0.232  (6.9 batch/s, ETA 1s)
     batch   90/90  loss=0.376  (6.9 batch/s, ETA 0s)
  >> Epoch 10/40 — validating
     batch    2/20  loss=0.152  (25.2 batch/s, ETA 1s)
     batch    4/20  loss=0.138  (24.9 batch/s, ETA 1s)
     batch    6/20  loss=0.131  (24.5 batch/s, ETA 1s)
     batch    8/20  loss=0.118  (24.5 batch/s, ETA 0s)
     batch   10/20  loss=0.100  (24.5 batch/s, ETA 0s)
     batch   12/20  loss=0.130  (24.5 batch/s, ETA 0s)
     batch   14/20  loss=0.000  (24.5 batch/s, ETA 0s)
     batch   16/20  loss=1.506  (24.5 batch/s, ETA 0s)
     batch   18/20  loss=0.000  (24.5 batch/s, ETA 0s)
     batch   20/20  loss=0.000  (25.0 batch/s, ETA 0s)
   10   0.3569  0.857 0.764  |   0.3291  0.860 0.723     0.000854     14s
  >> Epoch 11/40 — training
     batch    9/90  loss=0.371  (7.0 batch/s, ETA 12s)
     batch   18/90  loss=0.365  (7.0 batch/s, ETA 10s)
     batch   27/90  loss=0.411  (7.1 batch/s, ETA 9s)
     batch   36/90  loss=0.233  (7.1 batch/s, ETA 8s)
     batch   45/90  loss=0.346  (7.0 batch/s, ETA 6s)
     batch   54/90  loss=0.345  (7.0 batch/s, ETA 5s)
     batch   63/90  loss=0.404  (7.0 batch/s, ETA 4s)
     batch   72/90  loss=0.400  (7.1 batch/s, ETA 3s)
     batch   81/90  loss=0.455  (7.0 batch/s, ETA 1s)
     batch   90/90  loss=0.282  (7.1 batch/s, ETA 0s)
  >> Epoch 11/40 — validating
     batch    2/20  loss=0.223  (25.3 batch/s, ETA 1s)
     batch    4/20  loss=0.252  (24.9 batch/s, ETA 1s)
     batch    6/20  loss=0.236  (24.8 batch/s, ETA 1s)
     batch    8/20  loss=0.156  (24.7 batch/s, ETA 0s)
     batch   10/20  loss=0.124  (24.7 batch/s, ETA 0s)
     batch   12/20  loss=0.130  (24.6 batch/s, ETA 0s)
     batch   14/20  loss=0.000  (24.5 batch/s, ETA 0s)
     batch   16/20  loss=1.138  (24.2 batch/s, ETA 0s)
     batch   18/20  loss=0.001  (24.0 batch/s, ETA 0s)
     batch   20/20  loss=0.000  (24.3 batch/s, ETA 0s)
   11   0.3585  0.861 0.784  |   0.3308  0.865 0.730     0.000825     14s *
  >> Epoch 12/40 — training
     batch    9/90  loss=0.518  (7.1 batch/s, ETA 11s)
     batch   18/90  loss=0.390  (7.0 batch/s, ETA 10s)
     batch   27/90  loss=0.403  (7.0 batch/s, ETA 9s)
     batch   36/90  loss=0.289  (7.0 batch/s, ETA 8s)
     batch   45/90  loss=0.477  (7.0 batch/s, ETA 6s)
     batch   54/90  loss=0.287  (7.0 batch/s, ETA 5s)
     batch   63/90  loss=0.509  (7.0 batch/s, ETA 4s)
     batch   72/90  loss=0.281  (7.0 batch/s, ETA 3s)
     batch   81/90  loss=0.333  (7.0 batch/s, ETA 1s)
     batch   90/90  loss=0.338  (7.0 batch/s, ETA 0s)
  >> Epoch 12/40 — validating
     batch    2/20  loss=0.257  (23.1 batch/s, ETA 1s)
     batch    4/20  loss=0.381  (23.1 batch/s, ETA 1s)
     batch    6/20  loss=0.497  (23.6 batch/s, ETA 1s)
     batch    8/20  loss=0.218  (23.8 batch/s, ETA 1s)
     batch   10/20  loss=0.099  (23.9 batch/s, ETA 0s)
     batch   12/20  loss=0.152  (24.0 batch/s, ETA 0s)
     batch   14/20  loss=0.000  (24.0 batch/s, ETA 0s)
     batch   16/20  loss=0.596  (24.2 batch/s, ETA 0s)
     batch   18/20  loss=0.000  (24.2 batch/s, ETA 0s)
     batch   20/20  loss=0.000  (24.7 batch/s, ETA 0s)
   12   0.3516  0.858 0.769  |   0.3453  0.846 0.808     0.000794     14s *
  >> Epoch 13/40 — training
     batch    9/90  loss=0.381  (6.9 batch/s, ETA 12s)
     batch   18/90  loss=0.269  (7.0 batch/s, ETA 10s)
     batch   27/90  loss=0.273  (7.0 batch/s, ETA 9s)
     batch   36/90  loss=0.396  (7.0 batch/s, ETA 8s)C:\Project Work\Scripts_4\train_stft_freqnet_v2.py:373: FutureWarning: `torch.cuda.amp.autocast(args...)` is deprecated. Please use `torch.amp.autocast('cuda', args...)` instead.
  with autocast():
C:\Project Work\Scripts_4\train_stft_freqnet_v2.py:373: FutureWarning: `torch.cuda.amp.autocast(args...)` is deprecated. Please use `torch.amp.autocast('cuda', args...)` instead.
  with autocast():
C:\Project Work\Scripts_4\train_stft_freqnet_v2.py:373: FutureWarning: `torch.cuda.amp.autocast(args...)` is deprecated. Please use `torch.amp.autocast('cuda', args...)` instead.
  with autocast():
C:\Project Work\Scripts_4\train_stft_freqnet_v2.py:373: FutureWarning: `torch.cuda.amp.autocast(args...)` is deprecated. Please use `torch.amp.autocast('cuda', args...)` instead.
  with autocast():
C:\Project Work\Scripts_4\train_stft_freqnet_v2.py:373: FutureWarning: `torch.cuda.amp.autocast(args...)` is deprecated. Please use `torch.amp.autocast('cuda', args...)` instead.
  with autocast():
C:\Project Work\Scripts_4\train_stft_freqnet_v2.py:373: FutureWarning: `torch.cuda.amp.autocast(args...)` is deprecated. Please use `torch.amp.autocast('cuda', args...)` instead.
  with autocast():
C:\Project Work\Scripts_4\train_stft_freqnet_v2.py:373: FutureWarning: `torch.cuda.amp.autocast(args...)` is deprecated. Please use `torch.amp.autocast('cuda', args...)` instead.
  with autocast():
C:\Project Work\Scripts_4\train_stft_freqnet_v2.py:373: FutureWarning: `torch.cuda.amp.autocast(args...)` is deprecated. Please use `torch.amp.autocast('cuda', args...)` instead.
  with autocast():
C:\Project Work\Scripts_4\train_stft_freqnet_v2.py:373: FutureWarning: `torch.cuda.amp.autocast(args...)` is deprecated. Please use `torch.amp.autocast('cuda', args...)` instead.
  with autocast():
C:\Project Work\Scripts_4\train_stft_freqnet_v2.py:373: FutureWarning: `torch.cuda.amp.autocast(args...)` is deprecated. Please use `torch.amp.autocast('cuda', args...)` instead.
  with autocast():
C:\Project Work\Scripts_4\train_stft_freqnet_v2.py:373: FutureWarning: `torch.cuda.amp.autocast(args...)` is deprecated. Please use `torch.amp.autocast('cuda', args...)` instead.
  with autocast():
C:\Project Work\Scripts_4\train_stft_freqnet_v2.py:373: FutureWarning: `torch.cuda.amp.autocast(args...)` is deprecated. Please use `torch.amp.autocast('cuda', args...)` instead.
  with autocast():
C:\Project Work\Scripts_4\train_stft_freqnet_v2.py:373: FutureWarning: `torch.cuda.amp.autocast(args...)` is deprecated. Please use `torch.amp.autocast('cuda', args...)` instead.
  with autocast():

     batch   45/90  loss=0.348  (7.0 batch/s, ETA 6s)
     batch   54/90  loss=0.302  (6.9 batch/s, ETA 5s)
     batch   63/90  loss=0.380  (7.0 batch/s, ETA 4s)
     batch   72/90  loss=0.219  (7.0 batch/s, ETA 3s)
     batch   81/90  loss=0.308  (7.0 batch/s, ETA 1s)
     batch   90/90  loss=0.211  (7.0 batch/s, ETA 0s)
  >> Epoch 13/40 — validating
     batch    2/20  loss=0.301  (22.2 batch/s, ETA 1s)
     batch    4/20  loss=0.251  (22.1 batch/s, ETA 1s)
     batch    6/20  loss=0.203  (22.1 batch/s, ETA 1s)
     batch    8/20  loss=0.135  (22.0 batch/s, ETA 1s)
     batch   10/20  loss=0.075  (22.0 batch/s, ETA 0s)
     batch   12/20  loss=0.079  (22.3 batch/s, ETA 0s)
     batch   14/20  loss=0.000  (22.6 batch/s, ETA 0s)
     batch   16/20  loss=0.600  (22.7 batch/s, ETA 0s)
     batch   18/20  loss=0.000  (22.8 batch/s, ETA 0s)
     batch   20/20  loss=0.000  (23.4 batch/s, ETA 0s)
   13   0.3356  0.863 0.795  |   0.2834  0.887 0.828     0.000761     14s *
  >> Epoch 14/40 — training
     batch    9/90  loss=0.345  (7.1 batch/s, ETA 11s)
     batch   18/90  loss=0.300  (6.9 batch/s, ETA 10s)
     batch   27/90  loss=0.388  (7.0 batch/s, ETA 9s)
     batch   36/90  loss=0.425  (6.9 batch/s, ETA 8s)
     batch   45/90  loss=0.361  (6.9 batch/s, ETA 6s)
     batch   54/90  loss=0.646  (6.9 batch/s, ETA 5s)
     batch   63/90  loss=0.386  (6.9 batch/s, ETA 4s)
     batch   72/90  loss=0.315  (6.9 batch/s, ETA 3s)
     batch   81/90  loss=0.251  (6.9 batch/s, ETA 1s)
     batch   90/90  loss=0.318  (6.9 batch/s, ETA 0s)
  >> Epoch 14/40 — validating
     batch    2/20  loss=0.038  (24.7 batch/s, ETA 1s)
     batch    4/20  loss=0.033  (24.5 batch/s, ETA 1s)
     batch    6/20  loss=0.029  (24.4 batch/s, ETA 1s)
     batch    8/20  loss=0.024  (24.1 batch/s, ETA 0s)
     batch   10/20  loss=0.017  (23.5 batch/s, ETA 0s)
     batch   12/20  loss=0.037  (23.2 batch/s, ETA 0s)
     batch   14/20  loss=0.000  (23.3 batch/s, ETA 0s)
     batch   16/20  loss=2.375  (23.3 batch/s, ETA 0s)
     batch   18/20  loss=0.001  (23.5 batch/s, ETA 0s)
     batch   20/20  loss=0.000  (23.9 batch/s, ETA 0s)
   14   0.3407  0.866 0.799  |   0.4459  0.863 0.724     0.000727     14s
  >> Epoch 15/40 — training
     batch    9/90  loss=0.271  (6.8 batch/s, ETA 12s)
     batch   18/90  loss=0.288  (6.8 batch/s, ETA 11s)
     batch   27/90  loss=0.287  (6.8 batch/s, ETA 9s)
     batch   36/90  loss=0.422  (6.9 batch/s, ETA 8s)
     batch   45/90  loss=0.352  (6.9 batch/s, ETA 7s)
     batch   54/90  loss=0.485  (6.9 batch/s, ETA 5s)
     batch   63/90  loss=0.362  (6.8 batch/s, ETA 4s)
     batch   72/90  loss=0.293  (6.8 batch/s, ETA 3s)
     batch   81/90  loss=0.196  (6.8 batch/s, ETA 1s)
     batch   90/90  loss=0.256  (6.8 batch/s, ETA 0s)
  >> Epoch 15/40 — validating
     batch    2/20  loss=0.304  (25.2 batch/s, ETA 1s)
     batch    4/20  loss=0.169  (24.7 batch/s, ETA 1s)
     batch    6/20  loss=0.032  (24.7 batch/s, ETA 1s)
     batch    8/20  loss=0.087  (24.6 batch/s, ETA 0s)
     batch   10/20  loss=0.073  (24.6 batch/s, ETA 0s)
     batch   12/20  loss=0.130  (24.5 batch/s, ETA 0s)
     batch   14/20  loss=0.000  (24.5 batch/s, ETA 0s)
     batch   16/20  loss=1.180  (24.5 batch/s, ETA 0s)
     batch   18/20  loss=0.001  (24.5 batch/s, ETA 0s)
     batch   20/20  loss=0.000  (25.0 batch/s, ETA 0s)
   15   0.3259  0.871 0.814  |   0.2914  0.877 0.776     0.000691     14s
  >> Epoch 16/40 — training
     batch    9/90  loss=0.206  (7.1 batch/s, ETA 11s)
     batch   18/90  loss=0.323  (6.9 batch/s, ETA 10s)
     batch   27/90  loss=0.197  (6.8 batch/s, ETA 9s)
     batch   36/90  loss=0.331  (6.9 batch/s, ETA 8s)
     batch   45/90  loss=0.222  (6.9 batch/s, ETA 7s)
     batch   54/90  loss=0.323  (6.9 batch/s, ETA 5s)
     batch   63/90  loss=0.248  (6.9 batch/s, ETA 4s)
     batch   72/90  loss=0.301  (6.9 batch/s, ETA 3s)
     batch   81/90  loss=0.177  (6.9 batch/s, ETA 1s)
     batch   90/90  loss=0.368  (6.9 batch/s, ETA 0s)
  >> Epoch 16/40 — validating
     batch    2/20  loss=0.199  (24.5 batch/s, ETA 1s)
     batch    4/20  loss=0.102  (24.3 batch/s, ETA 1s)
     batch    6/20  loss=0.009  (24.2 batch/s, ETA 1s)
     batch    8/20  loss=0.080  (24.2 batch/s, ETA 0s)
     batch   10/20  loss=0.053  (24.2 batch/s, ETA 0s)
     batch   12/20  loss=0.144  (24.1 batch/s, ETA 0s)
     batch   14/20  loss=0.000  (24.1 batch/s, ETA 0s)
     batch   16/20  loss=1.992  (24.1 batch/s, ETA 0s)
     batch   18/20  loss=0.000  (24.1 batch/s, ETA 0s)
     batch   20/20  loss=0.000  (24.5 batch/s, ETA 0s)
   16   0.2960  0.884 0.845  |   0.3379  0.862 0.754     0.000655     14s
  >> Epoch 17/40 — training
     batch    9/90  loss=0.350  (6.7 batch/s, ETA 12s)
     batch   18/90  loss=0.209  (6.7 batch/s, ETA 11s)
     batch   27/90  loss=0.359  (6.8 batch/s, ETA 9s)
     batch   36/90  loss=0.206  (6.8 batch/s, ETA 8s)
     batch   45/90  loss=0.262  (6.8 batch/s, ETA 7s)
     batch   54/90  loss=0.253  (6.8 batch/s, ETA 5s)
     batch   63/90  loss=0.319  (6.8 batch/s, ETA 4s)
     batch   72/90  loss=0.229  (6.8 batch/s, ETA 3s)
     batch   81/90  loss=0.297  (6.8 batch/s, ETA 1s)
     batch   90/90  loss=0.257  (6.8 batch/s, ETA 0s)
  >> Epoch 17/40 — validating
     batch    2/20  loss=0.228  (22.5 batch/s, ETA 1s)
     batch    4/20  loss=0.126  (22.5 batch/s, ETA 1s)
     batch    6/20  loss=0.009  (22.4 batch/s, ETA 1s)
     batch    8/20  loss=0.045  (22.3 batch/s, ETA 1s)
     batch   10/20  loss=0.028  (22.4 batch/s, ETA 0s)
     batch   12/20  loss=0.081  (22.6 batch/s, ETA 0s)
     batch   14/20  loss=0.000  (22.7 batch/s, ETA 0s)
     batch   16/20  loss=1.817  (22.8 batch/s, ETA 0s)
     batch   18/20  loss=0.000  (22.9 batch/s, ETA 0s)
     batch   20/20  loss=0.000  (23.2 batch/s, ETA 0s)
   17   0.2817  0.888 0.851  |   0.3435  0.867 0.744     0.000617     14s
  >> Epoch 18/40 — training
     batch    9/90  loss=0.234  (6.7 batch/s, ETA 12s)
     batch   18/90  loss=0.340  (6.8 batch/s, ETA 11s)
     batch   27/90  loss=0.210  (6.8 batch/s, ETA 9s)
     batch   36/90  loss=0.163  (6.8 batch/s, ETA 8s)
     batch   45/90  loss=0.257  (6.8 batch/s, ETA 7s)
     batch   54/90  loss=0.288  (6.8 batch/s, ETA 5s)
     batch   63/90  loss=0.293  (6.8 batch/s, ETA 4s)
     batch   72/90  loss=0.191  (6.8 batch/s, ETA 3s)
     batch   81/90  loss=0.199  (6.8 batch/s, ETA 1s)
     batch   90/90  loss=0.354  (6.7 batch/s, ETA 0s)
  >> Epoch 18/40 — validating
     batch    2/20  loss=0.119  (22.6 batch/s, ETA 1s)
     batch    4/20  loss=0.063  (22.3 batch/s, ETA 1s)
     batch    6/20  loss=0.001  (22.7 batch/s, ETA 1s)
     batch    8/20  loss=0.006  (23.0 batch/s, ETA 1s)
     batch   10/20  loss=0.003  (23.1 batch/s, ETA 0s)
     batch   12/20  loss=0.018  (23.1 batch/s, ETA 0s)
     batch   14/20  loss=0.003  (23.1 batch/s, ETA 0s)
     batch   16/20  loss=1.423  (23.2 batch/s, ETA 0s)
     batch   18/20  loss=0.000  (23.2 batch/s, ETA 0s)
     batch   20/20  loss=0.000  (23.6 batch/s, ETA 0s)
   18   0.2581  0.899 0.866  |   0.4251  0.885 0.801     0.000578     14s
  >> Epoch 19/40 — training
     batch    9/90  loss=0.360  (6.7 batch/s, ETA 12s)
     batch   18/90  loss=0.310  (6.8 batch/s, ETA 11s)
     batch   27/90  loss=0.117  (6.8 batch/s, ETA 9s)
     batch   36/90  loss=0.289  (6.8 batch/s, ETA 8s)
     batch   45/90  loss=0.229  (6.8 batch/s, ETA 7s)
     batch   54/90  loss=0.187  (6.8 batch/s, ETA 5s)
     batch   63/90  loss=0.235  (6.8 batch/s, ETA 4s)
     batch   72/90  loss=0.376  (6.8 batch/s, ETA 3s)
     batch   81/90  loss=0.239  (6.8 batch/s, ETA 1s)
     batch   90/90  loss=0.267  (6.8 batch/s, ETA 0s)
  >> Epoch 19/40 — validating
     batch    2/20  loss=0.288  (24.5 batch/s, ETA 1s)
     batch    4/20  loss=0.197  (24.1 batch/s, ETA 1s)
     batch    6/20  loss=0.024  (24.0 batch/s, ETA 1s)
     batch    8/20  loss=0.116  (24.0 batch/s, ETA 0s)
     batch   10/20  loss=0.130  (24.0 batch/s, ETA 0s)
     batch   12/20  loss=0.269  (23.9 batch/s, ETA 0s)C:\Project Work\Scripts_4\train_stft_freqnet_v2.py:373: FutureWarning: `torch.cuda.amp.autocast(args...)` is deprecated. Please use `torch.amp.autocast('cuda', args...)` instead.
  with autocast():
C:\Project Work\Scripts_4\train_stft_freqnet_v2.py:373: FutureWarning: `torch.cuda.amp.autocast(args...)` is deprecated. Please use `torch.amp.autocast('cuda', args...)` instead.
  with autocast():
C:\Project Work\Scripts_4\train_stft_freqnet_v2.py:373: FutureWarning: `torch.cuda.amp.autocast(args...)` is deprecated. Please use `torch.amp.autocast('cuda', args...)` instead.
  with autocast():
C:\Project Work\Scripts_4\train_stft_freqnet_v2.py:373: FutureWarning: `torch.cuda.amp.autocast(args...)` is deprecated. Please use `torch.amp.autocast('cuda', args...)` instead.
  with autocast():
C:\Project Work\Scripts_4\train_stft_freqnet_v2.py:373: FutureWarning: `torch.cuda.amp.autocast(args...)` is deprecated. Please use `torch.amp.autocast('cuda', args...)` instead.
  with autocast():
C:\Project Work\Scripts_4\train_stft_freqnet_v2.py:373: FutureWarning: `torch.cuda.amp.autocast(args...)` is deprecated. Please use `torch.amp.autocast('cuda', args...)` instead.
  with autocast():
C:\Project Work\Scripts_4\train_stft_freqnet_v2.py:373: FutureWarning: `torch.cuda.amp.autocast(args...)` is deprecated. Please use `torch.amp.autocast('cuda', args...)` instead.
  with autocast():
C:\Project Work\Scripts_4\train_stft_freqnet_v2.py:373: FutureWarning: `torch.cuda.amp.autocast(args...)` is deprecated. Please use `torch.amp.autocast('cuda', args...)` instead.
  with autocast():
C:\Project Work\Scripts_4\train_stft_freqnet_v2.py:373: FutureWarning: `torch.cuda.amp.autocast(args...)` is deprecated. Please use `torch.amp.autocast('cuda', args...)` instead.
  with autocast():
C:\Project Work\Scripts_4\train_stft_freqnet_v2.py:373: FutureWarning: `torch.cuda.amp.autocast(args...)` is deprecated. Please use `torch.amp.autocast('cuda', args...)` instead.
  with autocast():
C:\Project Work\Scripts_4\train_stft_freqnet_v2.py:373: FutureWarning: `torch.cuda.amp.autocast(args...)` is deprecated. Please use `torch.amp.autocast('cuda', args...)` instead.
  with autocast():
C:\Project Work\Scripts_4\train_stft_freqnet_v2.py:373: FutureWarning: `torch.cuda.amp.autocast(args...)` is deprecated. Please use `torch.amp.autocast('cuda', args...)` instead.
  with autocast():
C:\Project Work\Scripts_4\train_stft_freqnet_v2.py:373: FutureWarning: `torch.cuda.amp.autocast(args...)` is deprecated. Please use `torch.amp.autocast('cuda', args...)` instead.
  with autocast():

     batch   14/20  loss=0.000  (23.9 batch/s, ETA 0s)
     batch   16/20  loss=0.358  (23.9 batch/s, ETA 0s)
     batch   18/20  loss=0.003  (23.8 batch/s, ETA 0s)
     batch   20/20  loss=0.000  (24.2 batch/s, ETA 0s)
   19   0.2488  0.902 0.875  |   0.2502  0.886 0.844     0.000539     14s *
  >> Epoch 20/40 — training
     batch    9/90  loss=0.151  (6.7 batch/s, ETA 12s)
     batch   18/90  loss=0.317  (6.8 batch/s, ETA 11s)
     batch   27/90  loss=0.227  (6.8 batch/s, ETA 9s)
     batch   36/90  loss=0.258  (6.8 batch/s, ETA 8s)
     batch   45/90  loss=0.251  (6.8 batch/s, ETA 7s)
     batch   54/90  loss=0.184  (6.8 batch/s, ETA 5s)
     batch   63/90  loss=0.311  (6.8 batch/s, ETA 4s)
     batch   72/90  loss=0.164  (6.8 batch/s, ETA 3s)
     batch   81/90  loss=0.168  (6.9 batch/s, ETA 1s)
     batch   90/90  loss=0.336  (6.9 batch/s, ETA 0s)
  >> Epoch 20/40 — validating
     batch    2/20  loss=0.030  (25.0 batch/s, ETA 1s)
     batch    4/20  loss=0.015  (24.4 batch/s, ETA 1s)
     batch    6/20  loss=0.001  (24.2 batch/s, ETA 1s)
     batch    8/20  loss=0.022  (24.3 batch/s, ETA 0s)
     batch   10/20  loss=0.031  (24.3 batch/s, ETA 0s)
     batch   12/20  loss=0.055  (24.2 batch/s, ETA 0s)
     batch   14/20  loss=0.000  (24.2 batch/s, ETA 0s)
     batch   16/20  loss=1.823  (24.2 batch/s, ETA 0s)
     batch   18/20  loss=0.000  (24.2 batch/s, ETA 0s)
     batch   20/20  loss=0.000  (24.6 batch/s, ETA 0s)
   20   0.2311  0.910 0.887  |   0.3388  0.879 0.779     0.000500     14s
  >> Epoch 21/40 — training
     batch    9/90  loss=0.182  (7.0 batch/s, ETA 12s)
     batch   18/90  loss=0.230  (7.0 batch/s, ETA 10s)
     batch   27/90  loss=0.171  (7.0 batch/s, ETA 9s)
     batch   36/90  loss=0.269  (7.0 batch/s, ETA 8s)
     batch   45/90  loss=0.137  (7.0 batch/s, ETA 6s)
     batch   54/90  loss=0.173  (7.0 batch/s, ETA 5s)
     batch   63/90  loss=0.231  (7.0 batch/s, ETA 4s)
     batch   72/90  loss=0.133  (7.0 batch/s, ETA 3s)
     batch   81/90  loss=0.191  (7.0 batch/s, ETA 1s)
     batch   90/90  loss=0.126  (7.0 batch/s, ETA 0s)
  >> Epoch 21/40 — validating
     batch    2/20  loss=0.147  (25.2 batch/s, ETA 1s)
     batch    4/20  loss=0.110  (24.8 batch/s, ETA 1s)
     batch    6/20  loss=0.004  (24.7 batch/s, ETA 1s)
     batch    8/20  loss=0.187  (24.4 batch/s, ETA 0s)
     batch   10/20  loss=0.137  (24.3 batch/s, ETA 0s)
     batch   12/20  loss=0.275  (24.4 batch/s, ETA 0s)
     batch   14/20  loss=0.000  (24.3 batch/s, ETA 0s)
     batch   16/20  loss=0.246  (24.3 batch/s, ETA 0s)
     batch   18/20  loss=0.006  (24.3 batch/s, ETA 0s)
     batch   20/20  loss=0.000  (24.8 batch/s, ETA 0s)
   21   0.2000  0.918 0.901  |   0.2668  0.878 0.843     0.000461     14s
  >> Epoch 22/40 — training
     batch    9/90  loss=0.170  (7.0 batch/s, ETA 12s)
     batch   18/90  loss=0.207  (7.0 batch/s, ETA 10s)
     batch   27/90  loss=0.207  (7.0 batch/s, ETA 9s)
     batch   36/90  loss=0.121  (7.0 batch/s, ETA 8s)
     batch   45/90  loss=0.094  (7.0 batch/s, ETA 6s)
     batch   54/90  loss=0.261  (7.0 batch/s, ETA 5s)
     batch   63/90  loss=0.224  (7.0 batch/s, ETA 4s)
     batch   72/90  loss=0.125  (7.0 batch/s, ETA 3s)
     batch   81/90  loss=0.133  (7.0 batch/s, ETA 1s)
     batch   90/90  loss=0.099  (7.0 batch/s, ETA 0s)
  >> Epoch 22/40 — validating
     batch    2/20  loss=0.969  (24.0 batch/s, ETA 1s)
     batch    4/20  loss=0.640  (23.2 batch/s, ETA 1s)
     batch    6/20  loss=0.024  (23.0 batch/s, ETA 1s)
     batch    8/20  loss=0.184  (23.0 batch/s, ETA 1s)
     batch   10/20  loss=0.071  (23.3 batch/s, ETA 0s)
     batch   12/20  loss=0.184  (23.5 batch/s, ETA 0s)
     batch   14/20  loss=0.000  (23.7 batch/s, ETA 0s)
     batch   16/20  loss=0.020  (23.8 batch/s, ETA 0s)
     batch   18/20  loss=0.005  (23.9 batch/s, ETA 0s)
     batch   20/20  loss=0.000  (24.4 batch/s, ETA 0s)
   22   0.1874  0.921 0.907  |   0.4108  0.803 0.828     0.000422     14s
  >> Epoch 23/40 — training
     batch    9/90  loss=0.141  (6.9 batch/s, ETA 12s)
     batch   18/90  loss=0.104  (6.9 batch/s, ETA 10s)
     batch   27/90  loss=0.213  (6.9 batch/s, ETA 9s)
     batch   36/90  loss=0.085  (6.9 batch/s, ETA 8s)
     batch   45/90  loss=0.107  (6.9 batch/s, ETA 6s)
     batch   54/90  loss=0.115  (6.9 batch/s, ETA 5s)
     batch   63/90  loss=0.104  (6.9 batch/s, ETA 4s)
     batch   72/90  loss=0.057  (6.9 batch/s, ETA 3s)
     batch   81/90  loss=0.099  (6.9 batch/s, ETA 1s)
     batch   90/90  loss=0.061  (6.9 batch/s, ETA 0s)
  >> Epoch 23/40 — validating
     batch    2/20  loss=0.230  (24.6 batch/s, ETA 1s)
     batch    4/20  loss=0.177  (24.2 batch/s, ETA 1s)
     batch    6/20  loss=0.000  (24.0 batch/s, ETA 1s)
     batch    8/20  loss=0.014  (23.8 batch/s, ETA 1s)
     batch   10/20  loss=0.038  (23.7 batch/s, ETA 0s)
     batch   12/20  loss=0.042  (23.6 batch/s, ETA 0s)
     batch   14/20  loss=0.000  (23.6 batch/s, ETA 0s)
     batch   16/20  loss=1.325  (23.5 batch/s, ETA 0s)
     batch   18/20  loss=0.000  (23.6 batch/s, ETA 0s)
     batch   20/20  loss=0.000  (24.0 batch/s, ETA 0s)
   23   0.1421  0.942 0.936  |   0.2929  0.902 0.869     0.000383     14s *
  >> Epoch 24/40 — training
     batch    9/90  loss=0.157  (6.9 batch/s, ETA 12s)
     batch   18/90  loss=0.086  (6.9 batch/s, ETA 10s)
     batch   27/90  loss=0.136  (6.9 batch/s, ETA 9s)
     batch   36/90  loss=0.117  (6.9 batch/s, ETA 8s)
     batch   45/90  loss=0.072  (6.9 batch/s, ETA 7s)
     batch   54/90  loss=0.272  (6.9 batch/s, ETA 5s)
     batch   63/90  loss=0.129  (6.9 batch/s, ETA 4s)
     batch   72/90  loss=0.057  (6.9 batch/s, ETA 3s)
     batch   81/90  loss=0.077  (6.9 batch/s, ETA 1s)
     batch   90/90  loss=0.100  (6.9 batch/s, ETA 0s)
  >> Epoch 24/40 — validating
     batch    2/20  loss=0.010  (24.6 batch/s, ETA 1s)
     batch    4/20  loss=0.012  (24.2 batch/s, ETA 1s)
     batch    6/20  loss=0.000  (23.9 batch/s, ETA 1s)
     batch    8/20  loss=0.012  (23.6 batch/s, ETA 1s)
     batch   10/20  loss=0.029  (23.6 batch/s, ETA 0s)
     batch   12/20  loss=0.055  (23.6 batch/s, ETA 0s)
     batch   14/20  loss=0.000  (23.5 batch/s, ETA 0s)
     batch   16/20  loss=1.144  (23.5 batch/s, ETA 0s)
     batch   18/20  loss=0.005  (23.5 batch/s, ETA 0s)
     batch   20/20  loss=0.000  (23.9 batch/s, ETA 0s)
   24   0.1274  0.951 0.946  |   0.2830  0.904 0.861     0.000345     14s
  >> Epoch 25/40 — training
     batch    9/90  loss=0.215  (6.9 batch/s, ETA 12s)
     batch   18/90  loss=0.177  (6.9 batch/s, ETA 10s)
     batch   27/90  loss=0.046  (7.0 batch/s, ETA 9s)
     batch   36/90  loss=0.038  (7.0 batch/s, ETA 8s)
     batch   45/90  loss=0.045  (6.9 batch/s, ETA 6s)
     batch   54/90  loss=0.066  (6.9 batch/s, ETA 5s)
     batch   63/90  loss=0.072  (7.0 batch/s, ETA 4s)
     batch   72/90  loss=0.047  (7.0 batch/s, ETA 3s)
     batch   81/90  loss=0.033  (7.0 batch/s, ETA 1s)
     batch   90/90  loss=0.083  (7.0 batch/s, ETA 0s)
  >> Epoch 25/40 — validating
     batch    2/20  loss=0.074  (25.0 batch/s, ETA 1s)
     batch    4/20  loss=0.081  (24.5 batch/s, ETA 1s)
     batch    6/20  loss=0.000  (24.2 batch/s, ETA 1s)
     batch    8/20  loss=0.057  (24.2 batch/s, ETA 0s)
     batch   10/20  loss=0.325  (24.3 batch/s, ETA 0s)
     batch   12/20  loss=0.242  (24.3 batch/s, ETA 0s)
     batch   14/20  loss=0.000  (24.3 batch/s, ETA 0s)
     batch   16/20  loss=0.345  (24.3 batch/s, ETA 0s)
     batch   18/20  loss=0.001  (24.3 batch/s, ETA 0s)
     batch   20/20  loss=0.000  (24.7 batch/s, ETA 0s)
   25   0.0840  0.968 0.966  |   0.1959  0.919 0.912     0.000309     14s *
  >> Epoch 26/40 — training
     batch    9/90  loss=0.036  (7.0 batch/s, ETA 12s)
     batch   18/90  loss=0.062  (6.8 batch/s, ETA 11s)
     batch   27/90  loss=0.063  (6.9 batch/s, ETA 9s)
     batch   36/90  loss=0.047  (6.9 batch/s, ETA 8s)
     batch   45/90  loss=0.141  (6.9 batch/s, ETA 7s)
     batch   54/90  loss=0.081  (6.9 batch/s, ETA 5s)
     batch   63/90  loss=0.021  (6.9 batch/s, ETA 4s)C:\Project Work\Scripts_4\train_stft_freqnet_v2.py:373: FutureWarning: `torch.cuda.amp.autocast(args...)` is deprecated. Please use `torch.amp.autocast('cuda', args...)` instead.
  with autocast():
C:\Project Work\Scripts_4\train_stft_freqnet_v2.py:373: FutureWarning: `torch.cuda.amp.autocast(args...)` is deprecated. Please use `torch.amp.autocast('cuda', args...)` instead.
  with autocast():
C:\Project Work\Scripts_4\train_stft_freqnet_v2.py:373: FutureWarning: `torch.cuda.amp.autocast(args...)` is deprecated. Please use `torch.amp.autocast('cuda', args...)` instead.
  with autocast():
C:\Project Work\Scripts_4\train_stft_freqnet_v2.py:373: FutureWarning: `torch.cuda.amp.autocast(args...)` is deprecated. Please use `torch.amp.autocast('cuda', args...)` instead.
  with autocast():
C:\Project Work\Scripts_4\train_stft_freqnet_v2.py:373: FutureWarning: `torch.cuda.amp.autocast(args...)` is deprecated. Please use `torch.amp.autocast('cuda', args...)` instead.
  with autocast():
C:\Project Work\Scripts_4\train_stft_freqnet_v2.py:373: FutureWarning: `torch.cuda.amp.autocast(args...)` is deprecated. Please use `torch.amp.autocast('cuda', args...)` instead.
  with autocast():
C:\Project Work\Scripts_4\train_stft_freqnet_v2.py:373: FutureWarning: `torch.cuda.amp.autocast(args...)` is deprecated. Please use `torch.amp.autocast('cuda', args...)` instead.
  with autocast():
C:\Project Work\Scripts_4\train_stft_freqnet_v2.py:373: FutureWarning: `torch.cuda.amp.autocast(args...)` is deprecated. Please use `torch.amp.autocast('cuda', args...)` instead.
  with autocast():
C:\Project Work\Scripts_4\train_stft_freqnet_v2.py:373: FutureWarning: `torch.cuda.amp.autocast(args...)` is deprecated. Please use `torch.amp.autocast('cuda', args...)` instead.
  with autocast():
C:\Project Work\Scripts_4\train_stft_freqnet_v2.py:373: FutureWarning: `torch.cuda.amp.autocast(args...)` is deprecated. Please use `torch.amp.autocast('cuda', args...)` instead.
  with autocast():
C:\Project Work\Scripts_4\train_stft_freqnet_v2.py:373: FutureWarning: `torch.cuda.amp.autocast(args...)` is deprecated. Please use `torch.amp.autocast('cuda', args...)` instead.
  with autocast():
C:\Project Work\Scripts_4\train_stft_freqnet_v2.py:373: FutureWarning: `torch.cuda.amp.autocast(args...)` is deprecated. Please use `torch.amp.autocast('cuda', args...)` instead.
  with autocast():
C:\Project Work\Scripts_4\train_stft_freqnet_v2.py:373: FutureWarning: `torch.cuda.amp.autocast(args...)` is deprecated. Please use `torch.amp.autocast('cuda', args...)` instead.
  with autocast():

     batch   72/90  loss=0.033  (6.9 batch/s, ETA 3s)
     batch   81/90  loss=0.045  (6.9 batch/s, ETA 1s)
     batch   90/90  loss=0.090  (6.9 batch/s, ETA 0s)
  >> Epoch 26/40 — validating
     batch    2/20  loss=0.001  (25.0 batch/s, ETA 1s)
     batch    4/20  loss=0.001  (24.6 batch/s, ETA 1s)
     batch    6/20  loss=0.000  (24.5 batch/s, ETA 1s)
     batch    8/20  loss=0.011  (24.4 batch/s, ETA 0s)
     batch   10/20  loss=0.031  (24.2 batch/s, ETA 0s)
     batch   12/20  loss=0.011  (24.2 batch/s, ETA 0s)
     batch   14/20  loss=0.000  (24.2 batch/s, ETA 0s)
     batch   16/20  loss=1.422  (24.2 batch/s, ETA 0s)
     batch   18/20  loss=0.000  (24.2 batch/s, ETA 0s)
     batch   20/20  loss=0.000  (24.7 batch/s, ETA 0s)
   26   0.0752  0.973 0.971  |   0.3929  0.891 0.834     0.000273     14s
  >> Epoch 27/40 — training
     batch    9/90  loss=0.036  (7.0 batch/s, ETA 12s)
     batch   18/90  loss=0.079  (7.0 batch/s, ETA 10s)
     batch   27/90  loss=0.037  (7.0 batch/s, ETA 9s)
     batch   36/90  loss=0.030  (7.0 batch/s, ETA 8s)
     batch   45/90  loss=0.008  (6.9 batch/s, ETA 7s)
     batch   54/90  loss=0.089  (6.9 batch/s, ETA 5s)
     batch   63/90  loss=0.029  (6.9 batch/s, ETA 4s)
     batch   72/90  loss=0.031  (6.9 batch/s, ETA 3s)
     batch   81/90  loss=0.039  (6.9 batch/s, ETA 1s)
     batch   90/90  loss=0.050  (6.9 batch/s, ETA 0s)
  >> Epoch 27/40 — validating
     batch    2/20  loss=0.001  (25.1 batch/s, ETA 1s)
     batch    4/20  loss=0.000  (24.7 batch/s, ETA 1s)
     batch    6/20  loss=0.000  (24.6 batch/s, ETA 1s)
     batch    8/20  loss=0.003  (24.4 batch/s, ETA 0s)
     batch   10/20  loss=0.040  (24.4 batch/s, ETA 0s)
     batch   12/20  loss=0.030  (24.4 batch/s, ETA 0s)
     batch   14/20  loss=0.000  (24.5 batch/s, ETA 0s)
     batch   16/20  loss=2.056  (24.5 batch/s, ETA 0s)
     batch   18/20  loss=0.001  (24.4 batch/s, ETA 0s)
     batch   20/20  loss=0.000  (24.8 batch/s, ETA 0s)
   27   0.0491  0.983 0.983  |   0.3556  0.898 0.842     0.000239     14s
  >> Epoch 28/40 — training
     batch    9/90  loss=0.007  (7.1 batch/s, ETA 11s)
     batch   18/90  loss=0.007  (6.9 batch/s, ETA 11s)
     batch   27/90  loss=0.048  (6.9 batch/s, ETA 9s)
     batch   36/90  loss=0.014  (6.8 batch/s, ETA 8s)
     batch   45/90  loss=0.007  (6.8 batch/s, ETA 7s)
     batch   54/90  loss=0.007  (6.7 batch/s, ETA 5s)
     batch   63/90  loss=0.044  (6.7 batch/s, ETA 4s)
     batch   72/90  loss=0.069  (6.7 batch/s, ETA 3s)
     batch   81/90  loss=0.071  (6.7 batch/s, ETA 1s)
     batch   90/90  loss=0.012  (6.8 batch/s, ETA 0s)
  >> Epoch 28/40 — validating
     batch    2/20  loss=0.001  (24.6 batch/s, ETA 1s)
     batch    4/20  loss=0.002  (24.3 batch/s, ETA 1s)
     batch    6/20  loss=0.000  (24.2 batch/s, ETA 1s)
     batch    8/20  loss=0.003  (24.2 batch/s, ETA 0s)
     batch   10/20  loss=0.015  (24.1 batch/s, ETA 0s)
     batch   12/20  loss=0.005  (23.9 batch/s, ETA 0s)
     batch   14/20  loss=0.000  (23.9 batch/s, ETA 0s)
     batch   16/20  loss=0.855  (23.9 batch/s, ETA 0s)
     batch   18/20  loss=0.016  (23.8 batch/s, ETA 0s)
     batch   20/20  loss=0.000  (24.2 batch/s, ETA 0s)
   28   0.0428  0.985 0.984  |   0.3417  0.917 0.882     0.000206     14s
  >> Epoch 29/40 — training
     batch    9/90  loss=0.007  (7.0 batch/s, ETA 12s)
     batch   18/90  loss=0.048  (7.0 batch/s, ETA 10s)
     batch   27/90  loss=0.014  (7.0 batch/s, ETA 9s)
     batch   36/90  loss=0.068  (7.0 batch/s, ETA 8s)
     batch   45/90  loss=0.027  (7.0 batch/s, ETA 6s)
     batch   54/90  loss=0.008  (7.0 batch/s, ETA 5s)
     batch   63/90  loss=0.002  (7.0 batch/s, ETA 4s)
     batch   72/90  loss=0.002  (7.0 batch/s, ETA 3s)
     batch   81/90  loss=0.050  (7.0 batch/s, ETA 1s)
     batch   90/90  loss=0.022  (7.0 batch/s, ETA 0s)
  >> Epoch 29/40 — validating
     batch    2/20  loss=0.001  (24.7 batch/s, ETA 1s)
     batch    4/20  loss=0.000  (24.6 batch/s, ETA 1s)
     batch    6/20  loss=0.000  (24.2 batch/s, ETA 1s)
     batch    8/20  loss=0.006  (24.1 batch/s, ETA 0s)
     batch   10/20  loss=0.133  (24.0 batch/s, ETA 0s)
     batch   12/20  loss=0.047  (23.9 batch/s, ETA 0s)
     batch   14/20  loss=0.000  (23.8 batch/s, ETA 0s)
     batch   16/20  loss=0.729  (23.8 batch/s, ETA 0s)
     batch   18/20  loss=0.001  (23.9 batch/s, ETA 0s)
     batch   20/20  loss=0.000  (24.3 batch/s, ETA 0s)
   29   0.0258  0.991 0.991  |   0.2695  0.923 0.898     0.000175     14s
  >> Epoch 30/40 — training
     batch    9/90  loss=0.006  (7.0 batch/s, ETA 12s)
     batch   18/90  loss=0.007  (7.0 batch/s, ETA 10s)
     batch   27/90  loss=0.008  (7.0 batch/s, ETA 9s)
     batch   36/90  loss=0.017  (7.0 batch/s, ETA 8s)
     batch   45/90  loss=0.002  (7.0 batch/s, ETA 6s)
     batch   54/90  loss=0.038  (7.0 batch/s, ETA 5s)
     batch   63/90  loss=0.108  (6.9 batch/s, ETA 4s)
     batch   72/90  loss=0.028  (6.9 batch/s, ETA 3s)
     batch   81/90  loss=0.018  (6.9 batch/s, ETA 1s)
     batch   90/90  loss=0.054  (6.9 batch/s, ETA 0s)
  >> Epoch 30/40 — validating
     batch    2/20  loss=0.013  (24.4 batch/s, ETA 1s)
     batch    4/20  loss=0.013  (24.0 batch/s, ETA 1s)
     batch    6/20  loss=0.006  (23.9 batch/s, ETA 1s)
     batch    8/20  loss=0.202  (23.9 batch/s, ETA 1s)
     batch   10/20  loss=0.039  (23.9 batch/s, ETA 0s)
     batch   12/20  loss=0.024  (23.8 batch/s, ETA 0s)
     batch   14/20  loss=0.000  (23.8 batch/s, ETA 0s)
     batch   16/20  loss=0.019  (23.8 batch/s, ETA 0s)
     batch   18/20  loss=0.000  (23.8 batch/s, ETA 0s)
     batch   20/20  loss=0.000  (24.2 batch/s, ETA 0s)
   30   0.0289  0.990 0.989  |   0.3314  0.924 0.908     0.000146     14s
  >> Epoch 31/40 — training
     batch    9/90  loss=0.008  (7.0 batch/s, ETA 12s)
     batch   18/90  loss=0.016  (7.0 batch/s, ETA 10s)
     batch   27/90  loss=0.021  (6.9 batch/s, ETA 9s)
     batch   36/90  loss=0.006  (6.9 batch/s, ETA 8s)
     batch   45/90  loss=0.007  (6.9 batch/s, ETA 6s)
     batch   54/90  loss=0.004  (6.9 batch/s, ETA 5s)
     batch   63/90  loss=0.003  (6.9 batch/s, ETA 4s)
     batch   72/90  loss=0.028  (7.0 batch/s, ETA 3s)
     batch   81/90  loss=0.005  (7.0 batch/s, ETA 1s)
     batch   90/90  loss=0.002  (7.0 batch/s, ETA 0s)
  >> Epoch 31/40 — validating
     batch    2/20  loss=0.001  (24.6 batch/s, ETA 1s)
     batch    4/20  loss=0.001  (24.1 batch/s, ETA 1s)
     batch    6/20  loss=0.000  (23.9 batch/s, ETA 1s)
     batch    8/20  loss=0.004  (23.8 batch/s, ETA 1s)
     batch   10/20  loss=0.104  (23.8 batch/s, ETA 0s)
     batch   12/20  loss=0.033  (23.7 batch/s, ETA 0s)
     batch   14/20  loss=0.000  (23.7 batch/s, ETA 0s)
     batch   16/20  loss=0.525  (23.7 batch/s, ETA 0s)
     batch   18/20  loss=0.000  (23.7 batch/s, ETA 0s)
     batch   20/20  loss=0.000  (24.1 batch/s, ETA 0s)
   31   0.0126  0.996 0.996  |   0.2906  0.923 0.899     0.000120     14s
  >> Epoch 32/40 — training
     batch    9/90  loss=0.012  (6.9 batch/s, ETA 12s)
     batch   18/90  loss=0.003  (6.8 batch/s, ETA 11s)
     batch   27/90  loss=0.001  (6.8 batch/s, ETA 9s)
     batch   36/90  loss=0.001  (6.8 batch/s, ETA 8s)
     batch   45/90  loss=0.005  (6.8 batch/s, ETA 7s)
     batch   54/90  loss=0.005  (6.8 batch/s, ETA 5s)
     batch   63/90  loss=0.003  (6.8 batch/s, ETA 4s)
     batch   72/90  loss=0.007  (6.9 batch/s, ETA 3s)
     batch   81/90  loss=0.004  (6.8 batch/s, ETA 1s)
     batch   90/90  loss=0.004  (6.8 batch/s, ETA 0s)
  >> Epoch 32/40 — validating
     batch    2/20  loss=0.001  (23.9 batch/s, ETA 1s)
     batch    4/20  loss=0.001  (23.1 batch/s, ETA 1s)
     batch    6/20  loss=0.000  (22.8 batch/s, ETA 1s)
     batch    8/20  loss=0.005  (22.7 batch/s, ETA 1s)
     batch   10/20  loss=0.141  (22.5 batch/s, ETA 0s)
     batch   12/20  loss=0.019  (22.4 batch/s, ETA 0s)
     batch   14/20  loss=0.000  (22.4 batch/s, ETA 0s)
     batch   16/20  loss=0.384  (22.4 batch/s, ETA 0s)
     batch   18/20  loss=0.000  (22.5 batch/s, ETA 0s)C:\Project Work\Scripts_4\train_stft_freqnet_v2.py:373: FutureWarning: `torch.cuda.amp.autocast(args...)` is deprecated. Please use `torch.amp.autocast('cuda', args...)` instead.
  with autocast():
C:\Project Work\Scripts_4\train_stft_freqnet_v2.py:373: FutureWarning: `torch.cuda.amp.autocast(args...)` is deprecated. Please use `torch.amp.autocast('cuda', args...)` instead.
  with autocast():
C:\Project Work\Scripts_4\train_stft_freqnet_v2.py:373: FutureWarning: `torch.cuda.amp.autocast(args...)` is deprecated. Please use `torch.amp.autocast('cuda', args...)` instead.
  with autocast():
C:\Project Work\Scripts_4\train_stft_freqnet_v2.py:373: FutureWarning: `torch.cuda.amp.autocast(args...)` is deprecated. Please use `torch.amp.autocast('cuda', args...)` instead.
  with autocast():
C:\Project Work\Scripts_4\train_stft_freqnet_v2.py:373: FutureWarning: `torch.cuda.amp.autocast(args...)` is deprecated. Please use `torch.amp.autocast('cuda', args...)` instead.
  with autocast():
C:\Project Work\Scripts_4\train_stft_freqnet_v2.py:373: FutureWarning: `torch.cuda.amp.autocast(args...)` is deprecated. Please use `torch.amp.autocast('cuda', args...)` instead.
  with autocast():
C:\Project Work\Scripts_4\train_stft_freqnet_v2.py:373: FutureWarning: `torch.cuda.amp.autocast(args...)` is deprecated. Please use `torch.amp.autocast('cuda', args...)` instead.
  with autocast():
C:\Project Work\Scripts_4\train_stft_freqnet_v2.py:373: FutureWarning: `torch.cuda.amp.autocast(args...)` is deprecated. Please use `torch.amp.autocast('cuda', args...)` instead.
  with autocast():
C:\Project Work\Scripts_4\train_stft_freqnet_v2.py:373: FutureWarning: `torch.cuda.amp.autocast(args...)` is deprecated. Please use `torch.amp.autocast('cuda', args...)` instead.
  with autocast():
C:\Project Work\Scripts_4\train_stft_freqnet_v2.py:373: FutureWarning: `torch.cuda.amp.autocast(args...)` is deprecated. Please use `torch.amp.autocast('cuda', args...)` instead.
  with autocast():
C:\Project Work\Scripts_4\train_stft_freqnet_v2.py:373: FutureWarning: `torch.cuda.amp.autocast(args...)` is deprecated. Please use `torch.amp.autocast('cuda', args...)` instead.
  with autocast():
C:\Project Work\Scripts_4\train_stft_freqnet_v2.py:373: FutureWarning: `torch.cuda.amp.autocast(args...)` is deprecated. Please use `torch.amp.autocast('cuda', args...)` instead.
  with autocast():
C:\Project Work\Scripts_4\train_stft_freqnet_v2.py:373: FutureWarning: `torch.cuda.amp.autocast(args...)` is deprecated. Please use `torch.amp.autocast('cuda', args...)` instead.
  with autocast():

     batch   20/20  loss=0.000  (23.0 batch/s, ETA 0s)
   32   0.0054  0.999 0.999  |   0.2552  0.936 0.920     0.000095     14s *
  >> Epoch 33/40 — training
     batch    9/90  loss=0.002  (7.1 batch/s, ETA 11s)
     batch   18/90  loss=0.007  (6.9 batch/s, ETA 10s)
     batch   27/90  loss=0.001  (6.8 batch/s, ETA 9s)
     batch   36/90  loss=0.001  (6.7 batch/s, ETA 8s)
     batch   45/90  loss=0.001  (6.7 batch/s, ETA 7s)
     batch   54/90  loss=0.024  (6.8 batch/s, ETA 5s)
     batch   63/90  loss=0.010  (6.8 batch/s, ETA 4s)
     batch   72/90  loss=0.002  (6.7 batch/s, ETA 3s)
     batch   81/90  loss=0.001  (6.7 batch/s, ETA 1s)
     batch   90/90  loss=0.001  (6.8 batch/s, ETA 0s)
  >> Epoch 33/40 — validating
     batch    2/20  loss=0.002  (24.9 batch/s, ETA 1s)
     batch    4/20  loss=0.001  (24.5 batch/s, ETA 1s)
     batch    6/20  loss=0.000  (24.1 batch/s, ETA 1s)
     batch    8/20  loss=0.008  (24.1 batch/s, ETA 0s)
     batch   10/20  loss=0.120  (24.1 batch/s, ETA 0s)
     batch   12/20  loss=0.013  (24.0 batch/s, ETA 0s)
     batch   14/20  loss=0.000  (24.0 batch/s, ETA 0s)
     batch   16/20  loss=0.151  (23.9 batch/s, ETA 0s)
     batch   18/20  loss=0.000  (23.9 batch/s, ETA 0s)
     batch   20/20  loss=0.000  (24.4 batch/s, ETA 0s)
   33   0.0045  0.999 0.999  |   0.2922  0.936 0.921     0.000074     14s *
  >> Epoch 34/40 — training
     batch    9/90  loss=0.005  (6.7 batch/s, ETA 12s)
     batch   18/90  loss=0.002  (6.7 batch/s, ETA 11s)
     batch   27/90  loss=0.003  (6.7 batch/s, ETA 9s)
     batch   36/90  loss=0.001  (6.7 batch/s, ETA 8s)
     batch   45/90  loss=0.025  (6.7 batch/s, ETA 7s)
     batch   54/90  loss=0.008  (6.7 batch/s, ETA 5s)
     batch   63/90  loss=0.001  (6.7 batch/s, ETA 4s)
     batch   72/90  loss=0.001  (6.7 batch/s, ETA 3s)
     batch   81/90  loss=0.003  (6.8 batch/s, ETA 1s)
     batch   90/90  loss=0.001  (6.8 batch/s, ETA 0s)
  >> Epoch 34/40 — validating
     batch    2/20  loss=0.001  (24.2 batch/s, ETA 1s)
     batch    4/20  loss=0.001  (23.4 batch/s, ETA 1s)
     batch    6/20  loss=0.000  (23.3 batch/s, ETA 1s)
     batch    8/20  loss=0.004  (23.2 batch/s, ETA 1s)
     batch   10/20  loss=0.132  (23.1 batch/s, ETA 0s)
     batch   12/20  loss=0.019  (23.1 batch/s, ETA 0s)
     batch   14/20  loss=0.000  (23.1 batch/s, ETA 0s)
     batch   16/20  loss=0.376  (23.1 batch/s, ETA 0s)
     batch   18/20  loss=0.000  (23.0 batch/s, ETA 0s)
     batch   20/20  loss=0.000  (23.4 batch/s, ETA 0s)
   34   0.0038  0.999 0.999  |   0.2832  0.931 0.913     0.000054     14s
  >> Epoch 35/40 — training
     batch    9/90  loss=0.001  (6.9 batch/s, ETA 12s)
     batch   18/90  loss=0.003  (6.9 batch/s, ETA 10s)
     batch   27/90  loss=0.003  (6.9 batch/s, ETA 9s)
     batch   36/90  loss=0.002  (6.9 batch/s, ETA 8s)
     batch   45/90  loss=0.002  (6.9 batch/s, ETA 7s)
     batch   54/90  loss=0.002  (6.9 batch/s, ETA 5s)
     batch   63/90  loss=0.001  (6.9 batch/s, ETA 4s)
     batch   72/90  loss=0.001  (6.9 batch/s, ETA 3s)
     batch   81/90  loss=0.002  (6.9 batch/s, ETA 1s)
     batch   90/90  loss=0.001  (6.9 batch/s, ETA 0s)
  >> Epoch 35/40 — validating
     batch    2/20  loss=0.001  (24.4 batch/s, ETA 1s)
     batch    4/20  loss=0.001  (23.8 batch/s, ETA 1s)
     batch    6/20  loss=0.000  (23.4 batch/s, ETA 1s)
     batch    8/20  loss=0.007  (23.4 batch/s, ETA 1s)
     batch   10/20  loss=0.147  (23.2 batch/s, ETA 0s)
     batch   12/20  loss=0.020  (23.1 batch/s, ETA 0s)
     batch   14/20  loss=0.000  (23.0 batch/s, ETA 0s)
     batch   16/20  loss=0.280  (23.1 batch/s, ETA 0s)
     batch   18/20  loss=0.000  (23.1 batch/s, ETA 0s)
     batch   20/20  loss=0.000  (23.5 batch/s, ETA 0s)
   35   0.0020  1.000 1.000  |   0.2832  0.931 0.914     0.000038     14s
  >> Epoch 36/40 — training
     batch    9/90  loss=0.001  (6.9 batch/s, ETA 12s)
     batch   18/90  loss=0.001  (6.9 batch/s, ETA 10s)
     batch   27/90  loss=0.006  (6.9 batch/s, ETA 9s)
     batch   36/90  loss=0.001  (6.9 batch/s, ETA 8s)
     batch   45/90  loss=0.001  (6.8 batch/s, ETA 7s)
     batch   54/90  loss=0.002  (6.7 batch/s, ETA 5s)
     batch   63/90  loss=0.001  (6.7 batch/s, ETA 4s)
     batch   72/90  loss=0.001  (6.7 batch/s, ETA 3s)
     batch   81/90  loss=0.001  (6.6 batch/s, ETA 1s)
     batch   90/90  loss=0.000  (6.6 batch/s, ETA 0s)
  >> Epoch 36/40 — validating
     batch    2/20  loss=0.001  (22.6 batch/s, ETA 1s)
     batch    4/20  loss=0.001  (22.9 batch/s, ETA 1s)
     batch    6/20  loss=0.000  (23.2 batch/s, ETA 1s)
     batch    8/20  loss=0.003  (23.0 batch/s, ETA 1s)
     batch   10/20  loss=0.124  (23.0 batch/s, ETA 0s)
     batch   12/20  loss=0.012  (22.9 batch/s, ETA 0s)
     batch   14/20  loss=0.000  (22.9 batch/s, ETA 0s)
     batch   16/20  loss=0.275  (22.9 batch/s, ETA 0s)
     batch   18/20  loss=0.000  (22.8 batch/s, ETA 0s)
     batch   20/20  loss=0.000  (23.1 batch/s, ETA 0s)
   36   0.0021  1.000 1.000  |   0.2906  0.937 0.921     0.000024     14s
  >> Epoch 37/40 — training
     batch    9/90  loss=0.002  (6.6 batch/s, ETA 12s)
     batch   18/90  loss=0.003  (6.6 batch/s, ETA 11s)
     batch   27/90  loss=0.002  (6.6 batch/s, ETA 9s)
     batch   36/90  loss=0.001  (6.7 batch/s, ETA 8s)
     batch   45/90  loss=0.001  (6.7 batch/s, ETA 7s)
     batch   54/90  loss=0.004  (6.8 batch/s, ETA 5s)
     batch   63/90  loss=0.001  (6.8 batch/s, ETA 4s)
     batch   72/90  loss=0.003  (6.8 batch/s, ETA 3s)
     batch   81/90  loss=0.004  (6.8 batch/s, ETA 1s)
     batch   90/90  loss=0.000  (6.8 batch/s, ETA 0s)
  >> Epoch 37/40 — validating
     batch    2/20  loss=0.001  (24.9 batch/s, ETA 1s)
     batch    4/20  loss=0.001  (24.4 batch/s, ETA 1s)
     batch    6/20  loss=0.000  (22.2 batch/s, ETA 1s)
     batch    8/20  loss=0.004  (21.0 batch/s, ETA 1s)
     batch   10/20  loss=0.141  (20.5 batch/s, ETA 0s)
     batch   12/20  loss=0.019  (20.2 batch/s, ETA 0s)
     batch   14/20  loss=0.000  (20.2 batch/s, ETA 0s)
     batch   16/20  loss=0.194  (20.2 batch/s, ETA 0s)
     batch   18/20  loss=0.000  (20.4 batch/s, ETA 0s)
     batch   20/20  loss=0.000  (21.0 batch/s, ETA 0s)
   37   0.0021  1.000 1.000  |   0.2935  0.934 0.917     0.000014     14s
  >> Epoch 38/40 — training
     batch    9/90  loss=0.002  (6.8 batch/s, ETA 12s)
     batch   18/90  loss=0.002  (6.8 batch/s, ETA 11s)
     batch   27/90  loss=0.002  (6.8 batch/s, ETA 9s)
     batch   36/90  loss=0.001  (6.8 batch/s, ETA 8s)
     batch   45/90  loss=0.008  (6.8 batch/s, ETA 7s)
     batch   54/90  loss=0.001  (6.8 batch/s, ETA 5s)
     batch   63/90  loss=0.003  (6.8 batch/s, ETA 4s)
     batch   72/90  loss=0.002  (6.8 batch/s, ETA 3s)
     batch   81/90  loss=0.001  (6.8 batch/s, ETA 1s)
     batch   90/90  loss=0.002  (6.8 batch/s, ETA 0s)
  >> Epoch 38/40 — validating
     batch    2/20  loss=0.001  (24.2 batch/s, ETA 1s)
     batch    4/20  loss=0.001  (23.8 batch/s, ETA 1s)
     batch    6/20  loss=0.000  (23.5 batch/s, ETA 1s)
     batch    8/20  loss=0.006  (23.2 batch/s, ETA 1s)
     batch   10/20  loss=0.150  (23.2 batch/s, ETA 0s)
     batch   12/20  loss=0.029  (23.1 batch/s, ETA 0s)
     batch   14/20  loss=0.000  (23.1 batch/s, ETA 0s)
     batch   16/20  loss=0.221  (23.1 batch/s, ETA 0s)
     batch   18/20  loss=0.000  (23.0 batch/s, ETA 0s)
     batch   20/20  loss=0.000  (23.4 batch/s, ETA 0s)
   38   0.0018  1.000 1.000  |   0.2820  0.933 0.917     0.000006     14s
  >> Epoch 39/40 — training
     batch    9/90  loss=0.002  (6.8 batch/s, ETA 12s)
     batch   18/90  loss=0.001  (6.8 batch/s, ETA 11s)
     batch   27/90  loss=0.001  (6.8 batch/s, ETA 9s)
     batch   36/90  loss=0.003  (6.8 batch/s, ETA 8s)
     batch   45/90  loss=0.001  (6.8 batch/s, ETA 7s)
     batch   54/90  loss=0.001  (6.8 batch/s, ETA 5s)
     batch   63/90  loss=0.001  (6.8 batch/s, ETA 4s)
     batch   72/90  loss=0.001  (6.8 batch/s, ETA 3s)
     batch   81/90  loss=0.001  (6.7 batch/s, ETA 1s)
     batch   90/90  loss=0.001  (6.7 batch/s, ETA 0s)C:\Project Work\Scripts_4\train_stft_freqnet_v2.py:373: FutureWarning: `torch.cuda.amp.autocast(args...)` is deprecated. Please use `torch.amp.autocast('cuda', args...)` instead.
  with autocast():
C:\Project Work\Scripts_4\train_stft_freqnet_v2.py:373: FutureWarning: `torch.cuda.amp.autocast(args...)` is deprecated. Please use `torch.amp.autocast('cuda', args...)` instead.
  with autocast():
C:\Project Work\Scripts_4\train_stft_freqnet_v2.py:373: FutureWarning: `torch.cuda.amp.autocast(args...)` is deprecated. Please use `torch.amp.autocast('cuda', args...)` instead.
  with autocast():
C:\Project Work\Scripts_4\train_stft_freqnet_v2.py:373: FutureWarning: `torch.cuda.amp.autocast(args...)` is deprecated. Please use `torch.amp.autocast('cuda', args...)` instead.
  with autocast():

  >> Epoch 39/40 — validating
     batch    2/20  loss=0.001  (23.2 batch/s, ETA 1s)
     batch    4/20  loss=0.001  (22.7 batch/s, ETA 1s)
     batch    6/20  loss=0.000  (22.5 batch/s, ETA 1s)
     batch    8/20  loss=0.006  (22.3 batch/s, ETA 1s)
     batch   10/20  loss=0.153  (22.3 batch/s, ETA 0s)
     batch   12/20  loss=0.028  (22.3 batch/s, ETA 0s)
     batch   14/20  loss=0.000  (22.2 batch/s, ETA 0s)
     batch   16/20  loss=0.192  (22.1 batch/s, ETA 0s)
     batch   18/20  loss=0.000  (22.2 batch/s, ETA 0s)
     batch   20/20  loss=0.000  (22.7 batch/s, ETA 0s)
   39   0.0021  1.000 1.000  |   0.2813  0.935 0.920     0.000002     14s
  >> Epoch 40/40 — training
     batch    9/90  loss=0.004  (6.5 batch/s, ETA 12s)
     batch   18/90  loss=0.003  (6.5 batch/s, ETA 11s)
     batch   27/90  loss=0.002  (6.6 batch/s, ETA 10s)
     batch   36/90  loss=0.002  (6.7 batch/s, ETA 8s)
     batch   45/90  loss=0.003  (6.7 batch/s, ETA 7s)
     batch   54/90  loss=0.000  (6.7 batch/s, ETA 5s)
     batch   63/90  loss=0.003  (6.7 batch/s, ETA 4s)
     batch   72/90  loss=0.002  (6.7 batch/s, ETA 3s)
     batch   81/90  loss=0.003  (6.8 batch/s, ETA 1s)
     batch   90/90  loss=0.000  (6.8 batch/s, ETA 0s)
  >> Epoch 40/40 — validating
     batch    2/20  loss=0.001  (22.1 batch/s, ETA 1s)
     batch    4/20  loss=0.000  (20.7 batch/s, ETA 1s)
     batch    6/20  loss=0.000  (20.3 batch/s, ETA 1s)
     batch    8/20  loss=0.004  (19.9 batch/s, ETA 1s)
     batch   10/20  loss=0.140  (19.8 batch/s, ETA 1s)
     batch   12/20  loss=0.018  (19.8 batch/s, ETA 0s)
     batch   14/20  loss=0.000  (20.0 batch/s, ETA 0s)
     batch   16/20  loss=0.269  (20.3 batch/s, ETA 0s)
     batch   18/20  loss=0.000  (20.5 batch/s, ETA 0s)
     batch   20/20  loss=0.000  (21.0 batch/s, ETA 0s)
   40   0.0020  1.000 1.000  |   0.2924  0.934 0.916     0.000000     14s
────────────────────────────────────────────────────────────────────────────────
Training done in 9.1m.  Best val F1 = 0.9211

Loading best model for test evaluation...
  >> TEST evaluation
     batch    2/22  loss=0.024  (25.0 batch/s, ETA 1s)
     batch    4/22  loss=0.007  (24.2 batch/s, ETA 1s)
     batch    6/22  loss=0.004  (24.1 batch/s, ETA 1s)
     batch    8/22  loss=0.313  (24.2 batch/s, ETA 1s)
     batch   10/22  loss=0.020  (24.2 batch/s, ETA 0s)
     batch   12/22  loss=0.459  (24.1 batch/s, ETA 0s)
     batch   14/22  loss=0.057  (24.0 batch/s, ETA 0s)
     batch   16/22  loss=0.000  (23.4 batch/s, ETA 0s)
     batch   18/22  loss=1.863  (22.6 batch/s, ETA 0s)
     batch   20/22  loss=0.000  (22.0 batch/s, ETA 0s)
     batch   22/22  loss=0.000  (22.0 batch/s, ETA 0s)

TEST RESULTS
  loss     = 0.3386
  accuracy = 0.9269
  macro-F1 = 0.9028

Per-class test metrics:
           class  precision  recall     f1  support
       healthy 1     0.9208  0.9661 0.9429      855
  stator short 1     1.0000  1.0000 1.0000      171
  bearing bpfo 3     0.7769  0.5906 0.6711      171
broken rotor bar     1.0000  0.9942 0.9971      171

Misclassified test samples: 100 / 1368 (7.3%)

======================================================================
DONE — outputs in: C:\Project Work\Outputs\4class\training\STFTFreqNet_v2
======================================================================
