======================================================================
BPFO-3 MISCLASSIFICATION DIAGNOSTIC
started: 2026-04-24T18:37:41
diagnostics dir: C:\Project Work\Outputs\4class\diagnostics
======================================================================

Discovered 10 solo runs:
  A_v2_baseline
  CLARKE_mod_alexnet_v1
  DWT_multibranch_plain_v1
  DWT_multibranch_resnet_v1
  E4_mod_alexnet_227
  E4_mod_alexnet_mel96
  E5_mod_resnet
  ENVELOPE_dilated1d_v1
  STFTFreqNet_v1
  STFTFreqNet_v2
======================================================================
PART 1 — aggregating misclassifications across runs
======================================================================
  [ok]  A_v2_baseline: 98 errors
  [ok]  CLARKE_mod_alexnet_v1: 258 errors
  [ok]  DWT_multibranch_plain_v1: 67 errors
  [ok]  DWT_multibranch_resnet_v1: 97 errors
  [ok]  E4_mod_alexnet_227: 63 errors
  [ok]  E4_mod_alexnet_mel96: 66 errors
  [ok]  E5_mod_resnet: 201 errors
  [ok]  ENVELOPE_dilated1d_v1: 91 errors
  [ok]  STFTFreqNet_v1: 84 errors
  [ok]  STFTFreqNet_v2: 100 errors

Total rows: 1125
bpfo-3 true-class errors: 658 across 10 runs
  → bpfo3_error_counts_by_column.csv
  → bpfo3_error_share.txt
  → bpfo3_always_wrong_samples.csv: 15 bpfo-3 segments missed by ALL 10 solo runs

======================================================================
PART 2 — raw-signal characterisation (bpfo-3 @ 100% + healthy @ 100%)
======================================================================
bpfo-3@100% cols by split: {'train': [0, 1, 3, 4, 6], 'val': [2], 'test': [5]}
healthy@100% cols by split: {'train': [0, 1, 2, 3, 4, 5, 6, 11, 12, 13, 15, 17, 18, 19, 20, 22, 23, 24, 25, 27, 28, 29, 30, 31, 32, 33], 'val': [7, 8, 10, 21, 26], 'test': [9, 14, 16, 34, 35]}
  → bpfo3_column_signatures.csv: 36 (col, channel) rows

envelope BPFO h1+h2+h3 (sum of first 3 harmonic peaks):
  col5@100%               mean = 2086.920   (channels: [1884.148, 1899.474, 2477.138])
  other bpfo-3@100%       mean = 1695.616   (n=18, min=1217.508, max=2181.500)
MCSA sideband-energy (f_line ± BPFO, ex. line bin):
  col5@100%               mean = 4.654e+09
  other bpfo-3@100%       mean = 3.646e+09

rendering bpfo3_col5_vs_others.png ...
  → bpfo3_col5_vs_others.png

======================================================================
PART 3 — cross-representation similarity for col5@100%
======================================================================
  loading stft: C:\Project Work\Outputs\4class\v2_speed_strat\features\test.pt
    col5@100% segments in test.pt: 57
    healthy@100% segments:         285
    other bpfo-3@100% segments:    0  (any speed non-col5: 114)
  [skip] mel: C:\Project Work\Outputs\4class\v2_speed_strat\mel_v1\features\test.pt not found
  loading clarke: C:\Project Work\Outputs\4class\v2_speed_strat\clarke_features\test.pt
    col5@100% segments in test.pt: 57
    healthy@100% segments:         285
    other bpfo-3@100% segments:    0  (any speed non-col5: 114)
  loading env: C:\Project Work\Outputs\4class\v2_speed_strat\envelope\features\test.pt
    col5@100% segments in test.pt: 57
    healthy@100% segments:         285
    other bpfo-3@100% segments:    0  (any speed non-col5: 114)
  loading dwt: C:\Project Work\Outputs\4class\v2_speed_strat\dwt\features\test.pt
  → bpfo3_cross_representation_similarity.csv

  stft     cos(col5, healthy@100)=0.994  cos(col5, bpfo-non-col5)=0.832  → closer to healthy
  clarke   cos(col5, healthy@100)=0.956  cos(col5, bpfo-non-col5)=0.274  → closer to healthy
  env      cos(col5, healthy@100)=0.980  cos(col5, bpfo-non-col5)=0.542  → closer to healthy
  dwt      cos(col5, healthy@100)=0.045  cos(col5, bpfo-non-col5)=0.003  → closer to healthy

======================================================================
DONE
All artefacts under C:\Project Work\Outputs\4class\diagnostics
======================================================================
