======================================================================
ENSEMBLE EVALUATION — 4-class
Started: 2026-04-24 08:52:34
======================================================================
Device           : cpu
AMP              : False
Members required : ['clarke', 'dwt', 'envelope', 'stft']

-- [clarke] run=CLARKE_mod_alexnet_v1 kind=clarke
   features : C:\Project Work\Outputs\4class\v2_speed_strat\clarke_features
   ckpt     : C:\Project Work\Outputs\4class\training\CLARKE_mod_alexnet_v1\best_model.pt
   loaded ckpt (val_f1 in ckpt = 0.8097425611121625), 249,924 params
   solo test  acc=0.8114  macro_f1=0.7904  (0.3s)

-- [dwt] run=DWT_multibranch_plain_v1 kind=dwt
   features : C:\Project Work\Outputs\4class\v2_speed_strat\dwt\features
   ckpt     : C:\Project Work\Outputs\4class\training\DWT_multibranch_plain_v1\best_model.pt
   loaded ckpt (val_f1 in ckpt = 0.9501802687643395), 173,780 params
   solo test  acc=0.9510  macro_f1=0.9358  (0.9s)

-- [envelope] run=ENVELOPE_dilated1d_v1 kind=envelope
   features : C:\Project Work\Outputs\4class\v2_speed_strat\envelope\features
   ckpt     : C:\Project Work\Outputs\4class\training\ENVELOPE_dilated1d_v1\best_model.pt
   loaded ckpt (val_f1 in ckpt = 0.9107019128525393), 77,092 params
   solo test  acc=0.9335  macro_f1=0.9143  (0.6s)

-- [stft] run=E4_mod_alexnet_227 kind=stft
   features : C:\Project Work\Outputs\4class\v2_speed_strat\features
   ckpt     : C:\Project Work\Outputs\4class\training\E4_mod_alexnet_227\best_model.pt
   loaded ckpt (val_f1 in ckpt = 0.9350707586766778), 3,750,980 params
   solo test  acc=0.9539  macro_f1=0.9393  (8.1s)

Checking sample alignment across representations...
  OK — 1368 samples aligned across 4 reps

======================================================================
ENSEMBLE: ENSEMBLE_stft_dwt  (members=['stft', 'dwt'])
======================================================================
  acc      = 0.9627
  macro_f1 = 0.9501
  wrong    = 51 / 1368
    healthy 1              F1=0.9709
    stator short 1         F1=1.0000
    bearing bpfo 3         F1=0.8294
    broken rotor bar       F1=1.0000
  outputs -> C:\Project Work\Outputs\4class\training\ENSEMBLE_stft_dwt

======================================================================
ENSEMBLE: ENSEMBLE_stft_dwt_clarke  (members=['stft', 'dwt', 'clarke'])
======================================================================
  acc      = 0.9576
  macro_f1 = 0.9421
  wrong    = 58 / 1368
    healthy 1              F1=0.9670
    stator short 1         F1=1.0000
    bearing bpfo 3         F1=0.8014
    broken rotor bar       F1=1.0000
  outputs -> C:\Project Work\Outputs\4class\training\ENSEMBLE_stft_dwt_clarke

======================================================================
ENSEMBLE: ENSEMBLE_stft_dwt_envelope  (members=['stft', 'dwt', 'envelope'])
======================================================================
  acc      = 0.9635
  macro_f1 = 0.9504
  wrong    = 50 / 1368
    healthy 1              F1=0.9716
    stator short 1         F1=1.0000
    bearing bpfo 3         F1=0.8299
    broken rotor bar       F1=1.0000
  outputs -> C:\Project Work\Outputs\4class\training\ENSEMBLE_stft_dwt_envelope

======================================================================
LEADERBOARD  (single models + ensembles; sorted by macro_f1)
======================================================================
                           name      acc  macro_f1  F1_healthy 1  F1_stator short 1  F1_bearing bpfo 3  F1_broken rotor bar
     ENSEMBLE_stft_dwt_envelope 0.963450  0.950373      0.971559           1.000000           0.829932             1.000000
              ENSEMBLE_stft_dwt 0.962719  0.950085      0.970907           1.000000           0.829431             1.000000
       ENSEMBLE_stft_dwt_clarke 0.957602  0.942104      0.967045           1.000000           0.801370             1.000000
      (solo) E4_mod_alexnet_227 0.953947  0.939345      0.963938           1.000000           0.793443             1.000000
(solo) DWT_multibranch_plain_v1 0.951023  0.935841      0.961605           1.000000           0.781759             1.000000
   (solo) ENVELOPE_dilated1d_v1 0.933480  0.914345      0.948880           0.929825           0.796117             0.982558
   (solo) CLARKE_mod_alexnet_v1 0.811404  0.790447      0.854192           0.938776           0.440678             0.928144

Leaderboard written -> C:\Project Work\Outputs\4class\training\ensemble_leaderboard.csv

DONE
