======================================================================
PRECOMPUTE ENVELOPE-SPECTRUM FEATURES + PER-SEGMENT PANELS - 4 classes
======================================================================
Started:        2026-04-24 04:28:03
splits.csv:     C:\Project Work\outputs\4class\v2_speed_strat\splits.csv
denoised root:  C:\Project Work\Denoised\Motor-2
features dir:   C:\Project Work\outputs\4class\v2_speed_strat\envelope\features
images dir:     C:\Project Work\outputs\4class\v2_speed_strat\envelope\images
save PNGs:      True  (1 panel per segment, no labeling)
torch threads:  8

LOCKED ENVELOPE PARAMETERS:
  fs                = 20000
  window_samples    = 20000 (1.0 s)
  analytic          = scipy.signal.hilbert
  fft_window        = hann (applied to envelope)
  fft_length        = 20000 -> 1 Hz resolution
  freq_cap_hz       = 500  -> 501 bins
  magnitude_form    = log1p(|rfft|)
  normalization     = per-image z-score (across 3 phases)
  expected sample shape: (3, 501) float32

PNG CONVENTIONS:
  filename : colXX_segYYY.png  (no labels)
  content  : 3 overlaid line plots (one per phase)
  size     : ~400 x 160 px

Loaded splits.csv: 441 rows
Splits present : ['test', 'train', 'val']
Speeds present : [np.int64(50), np.int64(75), np.int64(100)]
Classes present: ['bearing bpfo 3', 'broken rotor bar', 'healthy 1', 'stator short 1']

----------------------------------------------------------------------
Processing: TRAIN
----------------------------------------------------------------------
Per-sample shape   : (3, 501)
Samples to process : 5,757
Unique columns     : 101
Pre-allocated      : 33 MB
PNGs will be written under: C:\Project Work\outputs\4class\v2_speed_strat\envelope\images\train
  1 panel PNG per segment -> 5,757 files total

  col   1/101  Electric_Motor-2_50_time-healthy 1-ch1.csv       57/5757 (  1.0%)  elapsed=   4s  ETA= 6.6m   14.5 smp/s
  col   2/101  Electric_Motor-2_50_time-healthy 1-ch1.csv      114/5757 (  2.0%)  elapsed=   7s  ETA= 6.1m   15.5 smp/s
  col   3/101  Electric_Motor-2_50_time-healthy 1-ch1.csv      171/5757 (  3.0%)  elapsed=  11s  ETA= 5.9m   15.8 smp/s
  col   4/101  Electric_Motor-2_50_time-healthy 1-ch1.csv      228/5757 (  4.0%)  elapsed=  14s  ETA= 5.8m   16.0 smp/s
  col   5/101  Electric_Motor-2_50_time-healthy 1-ch1.csv      285/5757 (  5.0%)  elapsed=  18s  ETA= 5.7m   16.1 smp/s
  col   6/101  Electric_Motor-2_50_time-healthy 1-ch1.csv      342/5757 (  5.9%)  elapsed=  21s  ETA= 5.6m   16.2 smp/s
  col   7/101  Electric_Motor-2_50_time-healthy 1-ch1.csv      399/5757 (  6.9%)  elapsed=  24s  ETA= 5.5m   16.3 smp/s
  col   8/101  Electric_Motor-2_50_time-healthy 1-ch1.csv      456/5757 (  7.9%)  elapsed=  28s  ETA= 5.4m   16.3 smp/s
  col   9/101  Electric_Motor-2_50_time-healthy 1-ch1.csv      513/5757 (  8.9%)  elapsed=  32s  ETA= 5.4m   16.2 smp/s
  col  10/101  Electric_Motor-2_50_time-healthy 1-ch1.csv      570/5757 (  9.9%)  elapsed=  35s  ETA= 5.4m   16.1 smp/s
  col  11/101  Electric_Motor-2_50_time-healthy 1-ch1.csv      627/5757 ( 10.9%)  elapsed=  39s  ETA= 5.3m   16.0 smp/s
  col  12/101  Electric_Motor-2_50_time-healthy 1-ch1.csv      684/5757 ( 11.9%)  elapsed=  43s  ETA= 5.3m   16.0 smp/s
  col  13/101  Electric_Motor-2_50_time-healthy 1-ch1.csv      741/5757 ( 12.9%)  elapsed=  46s  ETA= 5.2m   16.0 smp/s
  col  14/101  Electric_Motor-2_50_time-healthy 1-ch1.csv      798/5757 ( 13.9%)  elapsed=  50s  ETA= 5.2m   16.0 smp/s
  col  15/101  Electric_Motor-2_50_time-healthy 1-ch1.csv      855/5757 ( 14.9%)  elapsed=  54s  ETA= 5.1m   15.9 smp/s
  col  16/101  Electric_Motor-2_50_time-healthy 1-ch1.csv      912/5757 ( 15.8%)  elapsed=  57s  ETA= 5.1m   16.0 smp/s
  col  17/101  Electric_Motor-2_50_time-healthy 1-ch1.csv      969/5757 ( 16.8%)  elapsed= 1.0m  ETA= 5.0m   16.0 smp/s
  col  18/101  Electric_Motor-2_50_time-healthy 1-ch1.csv     1026/5757 ( 17.8%)  elapsed= 1.1m  ETA= 4.9m   16.0 smp/s
  col  19/101  Electric_Motor-2_50_time-healthy 1-ch1.csv     1083/5757 ( 18.8%)  elapsed= 1.1m  ETA= 4.9m   16.0 smp/s
  col  20/101  Electric_Motor-2_50_time-healthy 1-ch1.csv     1140/5757 ( 19.8%)  elapsed= 1.2m  ETA= 4.8m   16.0 smp/s
  col  21/101  Electric_Motor-2_50_time-healthy 1-ch1.csv     1197/5757 ( 20.8%)  elapsed= 1.2m  ETA= 4.8m   16.0 smp/s
  col  22/101  Electric_Motor-2_75_time-healthy 1-ch1.csv     1254/5757 ( 21.8%)  elapsed= 1.3m  ETA= 4.7m   16.0 smp/s
  col  23/101  Electric_Motor-2_75_time-healthy 1-ch1.csv     1311/5757 ( 22.8%)  elapsed= 1.4m  ETA= 4.6m   16.0 smp/s
  col  24/101  Electric_Motor-2_75_time-healthy 1-ch1.csv     1368/5757 ( 23.8%)  elapsed= 1.4m  ETA= 4.6m   16.0 smp/s
  col  25/101  Electric_Motor-2_75_time-healthy 1-ch1.csv     1425/5757 ( 24.8%)  elapsed= 1.5m  ETA= 4.5m   16.1 smp/s
  col  26/101  Electric_Motor-2_75_time-healthy 1-ch1.csv     1482/5757 ( 25.7%)  elapsed= 1.5m  ETA= 4.4m   16.1 smp/s
  col  27/101  Electric_Motor-2_75_time-healthy 1-ch1.csv     1539/5757 ( 26.7%)  elapsed= 1.6m  ETA= 4.4m   16.1 smp/s
  col  28/101  Electric_Motor-2_75_time-healthy 1-ch1.csv     1596/5757 ( 27.7%)  elapsed= 1.6m  ETA= 4.3m   16.1 smp/s
  col  29/101  Electric_Motor-2_75_time-healthy 1-ch1.csv     1653/5757 ( 28.7%)  elapsed= 1.7m  ETA= 4.2m   16.1 smp/s
  col  30/101  Electric_Motor-2_75_time-healthy 1-ch1.csv     1710/5757 ( 29.7%)  elapsed= 1.8m  ETA= 4.2m   16.2 smp/s
  col  31/101  Electric_Motor-2_75_time-healthy 1-ch1.csv     1767/5757 ( 30.7%)  elapsed= 1.8m  ETA= 4.1m   16.1 smp/s
  col  32/101  Electric_Motor-2_75_time-healthy 1-ch1.csv     1824/5757 ( 31.7%)  elapsed= 1.9m  ETA= 4.1m   16.1 smp/s
  col  33/101  Electric_Motor-2_75_time-healthy 1-ch1.csv     1881/5757 ( 32.7%)  elapsed= 1.9m  ETA= 4.0m   16.1 smp/s
  col  34/101  Electric_Motor-2_75_time-healthy 1-ch1.csv     1938/5757 ( 33.7%)  elapsed= 2.0m  ETA= 4.0m   16.1 smp/s
  col  35/101  Electric_Motor-2_75_time-healthy 1-ch1.csv     1995/5757 ( 34.7%)  elapsed= 2.1m  ETA= 3.9m   16.1 smp/s
  col  36/101  Electric_Motor-2_75_time-healthy 1-ch1.csv     2052/5757 ( 35.6%)  elapsed= 2.1m  ETA= 3.8m   16.1 smp/s
  col  37/101  Electric_Motor-2_75_time-healthy 1-ch1.csv     2109/5757 ( 36.6%)  elapsed= 2.2m  ETA= 3.8m   16.1 smp/s
  col  38/101  Electric_Motor-2_75_time-healthy 1-ch1.csv     2166/5757 ( 37.6%)  elapsed= 2.2m  ETA= 3.7m   16.1 smp/s
  col  39/101  Electric_Motor-2_75_time-healthy 1-ch1.csv     2223/5757 ( 38.6%)  elapsed= 2.3m  ETA= 3.7m   16.1 smp/s
  col  40/101  Electric_Motor-2_75_time-healthy 1-ch1.csv     2280/5757 ( 39.6%)  elapsed= 2.4m  ETA= 3.6m   16.1 smp/s
  col  41/101  Electric_Motor-2_75_time-healthy 1-ch1.csv     2337/5757 ( 40.6%)  elapsed= 2.4m  ETA= 3.5m   16.1 smp/s
  col  42/101  Electric_Motor-2_75_time-healthy 1-ch1.csv     2394/5757 ( 41.6%)  elapsed= 2.5m  ETA= 3.5m   16.1 smp/s
  col  43/101  Electric_Motor-2_100_time-healthy 1-ch1.cs     2451/5757 ( 42.6%)  elapsed= 2.5m  ETA= 3.4m   16.1 smp/s
  col  44/101  Electric_Motor-2_100_time-healthy 1-ch1.cs     2508/5757 ( 43.6%)  elapsed= 2.6m  ETA= 3.4m   16.0 smp/s
  col  45/101  Electric_Motor-2_100_time-healthy 1-ch1.cs     2565/5757 ( 44.6%)  elapsed= 2.7m  ETA= 3.3m   16.0 smp/s
  col  46/101  Electric_Motor-2_100_time-healthy 1-ch1.cs     2622/5757 ( 45.5%)  elapsed= 2.7m  ETA= 3.3m   16.0 smp/s
  col  47/101  Electric_Motor-2_100_time-healthy 1-ch1.cs     2679/5757 ( 46.5%)  elapsed= 2.8m  ETA= 3.2m   16.0 smp/s
  col  48/101  Electric_Motor-2_100_time-healthy 1-ch1.cs     2736/5757 ( 47.5%)  elapsed= 2.9m  ETA= 3.2m   16.0 smp/s
  col  49/101  Electric_Motor-2_100_time-healthy 1-ch1.cs     2793/5757 ( 48.5%)  elapsed= 2.9m  ETA= 3.1m   16.0 smp/s
  col  50/101  Electric_Motor-2_100_time-healthy 1-ch1.cs     2850/5757 ( 49.5%)  elapsed= 3.0m  ETA= 3.0m   16.0 smp/s
  col  51/101  Electric_Motor-2_100_time-healthy 1-ch1.cs     2907/5757 ( 50.5%)  elapsed= 3.0m  ETA= 3.0m   16.0 smp/s
  col  52/101  Electric_Motor-2_100_time-healthy 1-ch1.cs     2964/5757 ( 51.5%)  elapsed= 3.1m  ETA= 2.9m   16.0 smp/s
  col  53/101  Electric_Motor-2_100_time-healthy 1-ch1.cs     3021/5757 ( 52.5%)  elapsed= 3.2m  ETA= 2.9m   15.9 smp/s
  col  54/101  Electric_Motor-2_100_time-healthy 1-ch1.cs     3078/5757 ( 53.5%)  elapsed= 3.2m  ETA= 2.8m   15.9 smp/s
  col  55/101  Electric_Motor-2_100_time-healthy 1-ch1.cs     3135/5757 ( 54.5%)  elapsed= 3.3m  ETA= 2.7m   15.9 smp/s
  col  56/101  Electric_Motor-2_100_time-healthy 1-ch1.cs     3192/5757 ( 55.4%)  elapsed= 3.3m  ETA= 2.7m   15.9 smp/s
  col  57/101  Electric_Motor-2_100_time-healthy 1-ch1.cs     3249/5757 ( 56.4%)  elapsed= 3.4m  ETA= 2.6m   15.9 smp/s
  col  58/101  Electric_Motor-2_100_time-healthy 1-ch1.cs     3306/5757 ( 57.4%)  elapsed= 3.5m  ETA= 2.6m   15.9 smp/s
  col  59/101  Electric_Motor-2_100_time-healthy 1-ch1.cs     3363/5757 ( 58.4%)  elapsed= 3.5m  ETA= 2.5m   15.9 smp/s
  col  60/101  Electric_Motor-2_100_time-healthy 1-ch1.cs     3420/5757 ( 59.4%)  elapsed= 3.6m  ETA= 2.4m   15.9 smp/s
  col  61/101  Electric_Motor-2_100_time-healthy 1-ch1.cs     3477/5757 ( 60.4%)  elapsed= 3.6m  ETA= 2.4m   15.9 smp/s
  col  62/101  Electric_Motor-2_100_time-healthy 1-ch1.cs     3534/5757 ( 61.4%)  elapsed= 3.7m  ETA= 2.3m   15.9 smp/s
  col  63/101  Electric_Motor-2_100_time-healthy 1-ch1.cs     3591/5757 ( 62.4%)  elapsed= 3.8m  ETA= 2.3m   15.9 smp/s
  col  64/101  Electric_Motor-2_100_time-healthy 1-ch1.cs     3648/5757 ( 63.4%)  elapsed= 3.8m  ETA= 2.2m   15.9 smp/s
  col  65/101  Electric_Motor-2_100_time-healthy 1-ch1.cs     3705/5757 ( 64.4%)  elapsed= 3.9m  ETA= 2.1m   15.9 smp/s
  col  66/101  Electric_Motor-2_100_time-healthy 1-ch1.cs     3762/5757 ( 65.3%)  elapsed= 3.9m  ETA= 2.1m   15.9 smp/s
  col  67/101  Electric_Motor-2_100_time-healthy 1-ch1.cs     3819/5757 ( 66.3%)  elapsed= 4.0m  ETA= 2.0m   15.9 smp/s
  col  68/101  Electric_Motor-2_100_time-healthy 1-ch1.cs     3876/5757 ( 67.3%)  elapsed= 4.1m  ETA= 2.0m   15.9 smp/s
  col  69/101  Electric_Motor-2_50_time-stator short 1-ch     3933/5757 ( 68.3%)  elapsed= 4.1m  ETA= 1.9m   16.1 smp/s
  col  70/101  Electric_Motor-2_50_time-stator short 1-ch     3990/5757 ( 69.3%)  elapsed= 4.1m  ETA= 1.8m   16.2 smp/s
  col  71/101  Electric_Motor-2_50_time-stator short 1-ch     4047/5757 ( 70.3%)  elapsed= 4.1m  ETA= 1.7m   16.3 smp/s
  col  72/101  Electric_Motor-2_75_time-stator short 1-ch     4104/5757 ( 71.3%)  elapsed= 4.2m  ETA= 1.7m   16.5 smp/s
  col  73/101  Electric_Motor-2_75_time-stator short 1-ch     4161/5757 ( 72.3%)  elapsed= 4.2m  ETA= 1.6m   16.6 smp/s
  col  74/101  Electric_Motor-2_75_time-stator short 1-ch     4218/5757 ( 73.3%)  elapsed= 4.2m  ETA= 1.5m   16.7 smp/s
  col  75/101  Electric_Motor-2_100_time-stator short 1-c     4275/5757 ( 74.3%)  elapsed= 4.2m  ETA= 1.5m   16.9 smp/s
  col  76/101  Electric_Motor-2_100_time-stator short 1-c     4332/5757 ( 75.2%)  elapsed= 4.2m  ETA= 1.4m   17.0 smp/s
  col  77/101  Electric_Motor-2_100_time-stator short 1-c     4389/5757 ( 76.2%)  elapsed= 4.3m  ETA= 1.3m   17.1 smp/s
  col  78/101  Electric_Motor-2_50_time-bearing bpfo 3-ch     4446/5757 ( 77.2%)  elapsed= 4.3m  ETA= 1.3m   17.2 smp/s
  col  79/101  Electric_Motor-2_50_time-bearing bpfo 3-ch     4503/5757 ( 78.2%)  elapsed= 4.3m  ETA= 1.2m   17.4 smp/s
  col  80/101  Electric_Motor-2_50_time-bearing bpfo 3-ch     4560/5757 ( 79.2%)  elapsed= 4.3m  ETA= 1.1m   17.5 smp/s
  col  81/101  Electric_Motor-2_50_time-bearing bpfo 3-ch     4617/5757 ( 80.2%)  elapsed= 4.4m  ETA= 1.1m   17.6 smp/s
  col  82/101  Electric_Motor-2_50_time-bearing bpfo 3-ch     4674/5757 ( 81.2%)  elapsed= 4.4m  ETA= 1.0m   17.7 smp/s
  col  83/101  Electric_Motor-2_75_time-bearing bpfo 3-ch     4731/5757 ( 82.2%)  elapsed= 4.4m  ETA=  58s   17.8 smp/s
  col  84/101  Electric_Motor-2_75_time-bearing bpfo 3-ch     4788/5757 ( 83.2%)  elapsed= 4.5m  ETA=  54s   17.9 smp/s
  col  85/101  Electric_Motor-2_75_time-bearing bpfo 3-ch     4845/5757 ( 84.2%)  elapsed= 4.5m  ETA=  51s   18.0 smp/s
  col  86/101  Electric_Motor-2_75_time-bearing bpfo 3-ch     4902/5757 ( 85.1%)  elapsed= 4.5m  ETA=  47s   18.1 smp/s
  col  87/101  Electric_Motor-2_75_time-bearing bpfo 3-ch     4959/5757 ( 86.1%)  elapsed= 4.5m  ETA=  44s   18.2 smp/s
  col  88/101  Electric_Motor-2_100_time-bearing bpfo 3-c     5016/5757 ( 87.1%)  elapsed= 4.6m  ETA=  40s   18.4 smp/s
  col  89/101  Electric_Motor-2_100_time-bearing bpfo 3-c     5073/5757 ( 88.1%)  elapsed= 4.6m  ETA=  37s   18.5 smp/s
  col  90/101  Electric_Motor-2_100_time-bearing bpfo 3-c     5130/5757 ( 89.1%)  elapsed= 4.6m  ETA=  34s   18.6 smp/s
  col  91/101  Electric_Motor-2_100_time-bearing bpfo 3-c     5187/5757 ( 90.1%)  elapsed= 4.6m  ETA=  31s   18.7 smp/s
  col  92/101  Electric_Motor-2_100_time-bearing bpfo 3-c     5244/5757 ( 91.1%)  elapsed= 4.7m  ETA=  27s   18.8 smp/s
  col  93/101  Electric_Motor-2_50_time-broken rotor bar-     5301/5757 ( 92.1%)  elapsed= 4.7m  ETA=  24s   18.9 smp/s
  col  94/101  Electric_Motor-2_50_time-broken rotor bar-     5358/5757 ( 93.1%)  elapsed= 4.7m  ETA=  21s   19.0 smp/s
  col  95/101  Electric_Motor-2_50_time-broken rotor bar-     5415/5757 ( 94.1%)  elapsed= 4.7m  ETA=  18s   19.1 smp/s
  col  96/101  Electric_Motor-2_75_time-broken rotor bar-     5472/5757 ( 95.0%)  elapsed= 4.8m  ETA=  15s   19.2 smp/s
  col  97/101  Electric_Motor-2_75_time-broken rotor bar-     5529/5757 ( 96.0%)  elapsed= 4.8m  ETA=  12s   19.3 smp/s
  col  98/101  Electric_Motor-2_75_time-broken rotor bar-     5586/5757 ( 97.0%)  elapsed= 4.8m  ETA=   9s   19.4 smp/s
  col  99/101  Electric_Motor-2_100_time-broken rotor bar     5643/5757 ( 98.0%)  elapsed= 4.8m  ETA=   6s   19.5 smp/s
  col 100/101  Electric_Motor-2_100_time-broken rotor bar     5700/5757 ( 99.0%)  elapsed= 4.8m  ETA=   3s   19.6 smp/s
  col 101/101  Electric_Motor-2_100_time-broken rotor bar     5757/5757 (100.0%)  elapsed= 4.9m  ETA=   0s   19.7 smp/s

Envelope-spectrum computation done in 4.9m
Saving train.pt ... done in 0s  (33 MB)
Per-class counts in saved file:
  healthy 1               3876
  stator short 1           513
  bearing bpfo 3           855
  broken rotor bar         513

----------------------------------------------------------------------
Processing: VAL
----------------------------------------------------------------------
Per-sample shape   : (3, 501)
Samples to process : 1,254
Unique columns     : 22
Pre-allocated      : 7 MB
PNGs will be written under: C:\Project Work\outputs\4class\v2_speed_strat\envelope\images\val
  1 panel PNG per segment -> 1,254 files total

  col   1/22  Electric_Motor-2_50_time-healthy 1-ch1.csv       57/1254 (  4.5%)  elapsed=   4s  ETA= 1.2m   16.0 smp/s
  col   2/22  Electric_Motor-2_50_time-healthy 1-ch1.csv      114/1254 (  9.1%)  elapsed=   7s  ETA= 1.1m   16.6 smp/s
  col   3/22  Electric_Motor-2_50_time-healthy 1-ch1.csv      171/1254 ( 13.6%)  elapsed=  10s  ETA= 1.1m   16.7 smp/s
  col   4/22  Electric_Motor-2_50_time-healthy 1-ch1.csv      228/1254 ( 18.2%)  elapsed=  13s  ETA= 1.0m   17.0 smp/s
  col   5/22  Electric_Motor-2_75_time-healthy 1-ch1.csv      285/1254 ( 22.7%)  elapsed=  17s  ETA=  57s   17.0 smp/s
  col   6/22  Electric_Motor-2_75_time-healthy 1-ch1.csv      342/1254 ( 27.3%)  elapsed=  20s  ETA=  53s   17.1 smp/s
  col   7/22  Electric_Motor-2_75_time-healthy 1-ch1.csv      399/1254 ( 31.8%)  elapsed=  23s  ETA=  50s   17.1 smp/s
  col   8/22  Electric_Motor-2_75_time-healthy 1-ch1.csv      456/1254 ( 36.4%)  elapsed=  26s  ETA=  46s   17.2 smp/s
  col   9/22  Electric_Motor-2_100_time-healthy 1-ch1.cs      513/1254 ( 40.9%)  elapsed=  30s  ETA=  43s   17.1 smp/s
  col  10/22  Electric_Motor-2_100_time-healthy 1-ch1.cs      570/1254 ( 45.5%)  elapsed=  34s  ETA=  40s   17.0 smp/s
  col  11/22  Electric_Motor-2_100_time-healthy 1-ch1.cs      627/1254 ( 50.0%)  elapsed=  37s  ETA=  37s   16.8 smp/s
  col  12/22  Electric_Motor-2_100_time-healthy 1-ch1.cs      684/1254 ( 54.5%)  elapsed=  41s  ETA=  34s   16.6 smp/s
  col  13/22  Electric_Motor-2_100_time-healthy 1-ch1.cs      741/1254 ( 59.1%)  elapsed=  45s  ETA=  31s   16.6 smp/s
  col  14/22  Electric_Motor-2_50_time-stator short 1-ch      798/1254 ( 63.6%)  elapsed=  46s  ETA=  26s   17.3 smp/s
  col  15/22  Electric_Motor-2_75_time-stator short 1-ch      855/1254 ( 68.2%)  elapsed=  48s  ETA=  22s   18.0 smp/s
  col  16/22  Electric_Motor-2_100_time-stator short 1-c      912/1254 ( 72.7%)  elapsed=  49s  ETA=  18s   18.6 smp/s
  col  17/22  Electric_Motor-2_50_time-bearing bpfo 3-ch      969/1254 ( 77.3%)  elapsed=  50s  ETA=  15s   19.2 smp/s
  col  18/22  Electric_Motor-2_75_time-bearing bpfo 3-ch     1026/1254 ( 81.8%)  elapsed=  52s  ETA=  12s   19.7 smp/s
  col  19/22  Electric_Motor-2_100_time-bearing bpfo 3-c     1083/1254 ( 86.4%)  elapsed=  54s  ETA=   8s   20.2 smp/s
  col  20/22  Electric_Motor-2_50_time-broken rotor bar-     1140/1254 ( 90.9%)  elapsed=  55s  ETA=   6s   20.7 smp/s
  col  21/22  Electric_Motor-2_75_time-broken rotor bar-     1197/1254 ( 95.5%)  elapsed=  56s  ETA=   3s   21.2 smp/s
  col  22/22  Electric_Motor-2_100_time-broken rotor bar     1254/1254 (100.0%)  elapsed=  58s  ETA=   0s   21.7 smp/s

Envelope-spectrum computation done in 58s
Saving val.pt ... done in 0s  (7 MB)
Per-class counts in saved file:
  healthy 1                741
  stator short 1           171
  bearing bpfo 3           171
  broken rotor bar         171

----------------------------------------------------------------------
Processing: TEST
----------------------------------------------------------------------
Per-sample shape   : (3, 501)
Samples to process : 1,368
Unique columns     : 24
Pre-allocated      : 8 MB
PNGs will be written under: C:\Project Work\outputs\4class\v2_speed_strat\envelope\images\test
  1 panel PNG per segment -> 1,368 files total

  col   1/24  Electric_Motor-2_50_time-healthy 1-ch1.csv       57/1368 (  4.2%)  elapsed=   3s  ETA= 1.2m   17.6 smp/s
  col   2/24  Electric_Motor-2_50_time-healthy 1-ch1.csv      114/1368 (  8.3%)  elapsed=   6s  ETA= 1.2m   17.5 smp/s
  col   3/24  Electric_Motor-2_50_time-healthy 1-ch1.csv      171/1368 ( 12.5%)  elapsed=  10s  ETA= 1.1m   17.5 smp/s
  col   4/24  Electric_Motor-2_50_time-healthy 1-ch1.csv      228/1368 ( 16.7%)  elapsed=  13s  ETA= 1.1m   17.2 smp/s
  col   5/24  Electric_Motor-2_50_time-healthy 1-ch1.csv      285/1368 ( 20.8%)  elapsed=  16s  ETA= 1.0m   17.3 smp/s
  col   6/24  Electric_Motor-2_75_time-healthy 1-ch1.csv      342/1368 ( 25.0%)  elapsed=  20s  ETA=  59s   17.4 smp/s
  col   7/24  Electric_Motor-2_75_time-healthy 1-ch1.csv      399/1368 ( 29.2%)  elapsed=  23s  ETA=  56s   17.3 smp/s
  col   8/24  Electric_Motor-2_75_time-healthy 1-ch1.csv      456/1368 ( 33.3%)  elapsed=  26s  ETA=  53s   17.3 smp/s
  col   9/24  Electric_Motor-2_75_time-healthy 1-ch1.csv      513/1368 ( 37.5%)  elapsed=  29s  ETA=  49s   17.4 smp/s
  col  10/24  Electric_Motor-2_75_time-healthy 1-ch1.csv      570/1368 ( 41.7%)  elapsed=  33s  ETA=  46s   17.3 smp/s
  col  11/24  Electric_Motor-2_100_time-healthy 1-ch1.cs      627/1368 ( 45.8%)  elapsed=  36s  ETA=  43s   17.2 smp/s
  col  12/24  Electric_Motor-2_100_time-healthy 1-ch1.cs      684/1368 ( 50.0%)  elapsed=  40s  ETA=  40s   17.1 smp/s
  col  13/24  Electric_Motor-2_100_time-healthy 1-ch1.cs      741/1368 ( 54.2%)  elapsed=  43s  ETA=  37s   17.1 smp/s
  col  14/24  Electric_Motor-2_100_time-healthy 1-ch1.cs      798/1368 ( 58.3%)  elapsed=  47s  ETA=  34s   17.0 smp/s
  col  15/24  Electric_Motor-2_100_time-healthy 1-ch1.cs      855/1368 ( 62.5%)  elapsed=  50s  ETA=  30s   17.0 smp/s
  col  16/24  Electric_Motor-2_50_time-stator short 1-ch      912/1368 ( 66.7%)  elapsed=  52s  ETA=  26s   17.6 smp/s
  col  17/24  Electric_Motor-2_75_time-stator short 1-ch      969/1368 ( 70.8%)  elapsed=  53s  ETA=  22s   18.2 smp/s
  col  18/24  Electric_Motor-2_100_time-stator short 1-c     1026/1368 ( 75.0%)  elapsed=  55s  ETA=  18s   18.7 smp/s
  col  19/24  Electric_Motor-2_50_time-bearing bpfo 3-ch     1083/1368 ( 79.2%)  elapsed=  56s  ETA=  15s   19.2 smp/s
  col  20/24  Electric_Motor-2_75_time-bearing bpfo 3-ch     1140/1368 ( 83.3%)  elapsed=  58s  ETA=  12s   19.7 smp/s
  col  21/24  Electric_Motor-2_100_time-bearing bpfo 3-c     1197/1368 ( 87.5%)  elapsed=  59s  ETA=   8s   20.1 smp/s
  col  22/24  Electric_Motor-2_50_time-broken rotor bar-     1254/1368 ( 91.7%)  elapsed= 1.0m  ETA=   6s   20.6 smp/s
  col  23/24  Electric_Motor-2_75_time-broken rotor bar-     1311/1368 ( 95.8%)  elapsed= 1.0m  ETA=   3s   21.0 smp/s
  col  24/24  Electric_Motor-2_100_time-broken rotor bar     1368/1368 (100.0%)  elapsed= 1.1m  ETA=   0s   21.4 smp/s

Envelope-spectrum computation done in 1.1m
Saving test.pt ... done in 0s  (8 MB)
Per-class counts in saved file:
  healthy 1                855
  stator short 1           171
  bearing bpfo 3           171
  broken rotor bar         171

======================================================================
ALL DONE
======================================================================
Total elapsed : 6.9m

Files written:
  train.pt             5757 samples      33 MB  (4.9m)
  val.pt               1254 samples       7 MB  (58s)
  test.pt              1368 samples       8 MB  (1.1m)
  TOTAL                8379 samples      48 MB

PNGs written  : 8379
PNG tree root : C:\Project Work\outputs\4class\v2_speed_strat\envelope\images

Sanity check:
  import torch
  d = torch.load(r'C:\Project Work\outputs\4class\v2_speed_strat\envelope\features\train.pt',
                 weights_only=False, mmap=True)
  print(d['features'].shape, d['labels'].shape)
  print(d['metadata'][0])

Next: run train_envelope_cnn_v1.py
