======================================================================
ENVELOPE 1D-CNN TRAINING - RUN: ENVELOPE_dilated1d_v1
Started: 2026-04-24 08:32:16
======================================================================
Device             : cpu  (CPU)
Mixed precision    : False
Features dir       : C:\Project Work\Outputs\4class\v2_speed_strat\envelope\features
Conv channels      : (32, 32, 64, 64, 128)
Conv kernel        : 7   (last layer hardcoded to k=3)
Conv dilations     : (1, 2, 4, 8, 1)
Head dropout       : 0.4
Healthy subsample  : None
Class weighting    : False
Weight decay       : 0.0001
Label smoothing    : 0.0
Batch size         : 128
Max epochs         : 40  (patience=8, min=12)

Loading precomputed features:
  Loading train.pt ... 5757 samples, 33 MB, mmap (0.0s)
  Loading val.pt ... 1254 samples, 7 MB, mmap (0.0s)
  Loading test.pt ... 1368 samples, 8 MB, mmap (0.0s)

4 classes: ['healthy 1', 'stator short 1', 'bearing bpfo 3', 'broken rotor bar']
Train: 5757   Val: 1254   Test: 1368

Train class distribution:
  healthy 1               3876  ( 67.3%)
  stator short 1           513  (  8.9%)
  bearing bpfo 3           855  ( 14.9%)
  broken rotor bar         513  (  8.9%)

Model: EnvelopeDilated1D
  total parameters     : 77,092
  trainable parameters : 77,092
  params per train sample: 13.4
C:\Project Work\Scripts_4\train_envelope_cnn_v1.py:457: FutureWarning: `torch.cuda.amp.GradScaler(args...)` is deprecated. Please use `torch.amp.GradScaler('cuda', args...)` instead.
  scaler = GradScaler(enabled=use_amp_effective)

--------------------------------------------------------------------------------
epoch  tr_loss tr_acc tr_f1  |  va_loss va_acc va_f1           lr    time
--------------------------------------------------------------------------------
  >> Epoch 1/40 - training
     batch    4/45  loss=1.274  (4.6 batch/s, ETA 9s)
     batch    8/45  loss=1.199  (4.8 batch/s, ETA 8s)
     batch   12/45  loss=1.097  (4.7 batch/s, ETA 7s)
     batch   16/45  loss=1.223  (4.8 batch/s, ETA 6s)
     batch   20/45  loss=1.118  (4.9 batch/s, ETA 5s)
     batch   24/45  loss=0.847  (5.1 batch/s, ETA 4s)
     batch   28/45  loss=0.934  (5.2 batch/s, ETA 3s)
     batch   32/45  loss=0.821  (5.2 batch/s, ETA 2s)
     batch   36/45  loss=0.752  (5.3 batch/s, ETA 2s)
     batch   40/45  loss=0.558  (5.3 batch/s, ETA 1s)
     batch   44/45  loss=0.697  (5.3 batch/s, ETA 0s)
     batch   45/45  loss=0.721  (5.3 batch/s, ETA 0s)
  >> Epoch 1/40 - validating
     batch    1/10  loss=0.093  (16.9 batch/s, ETA 1s)
     batch    2/10  loss=0.082  (16.4 batch/s, ETA 0s)
     batch    3/10  loss=0.067  (16.4 batch/s, ETA 0s)
     batch    4/10  loss=0.132  (16.4 batch/s, ETA 0s)
     batch    5/10  loss=0.191  (16.3 batch/s, ETA 0s)
     batch    6/10  loss=0.195  (16.3 batch/s, ETA 0s)
     batch    7/10  loss=1.643  (16.4 batch/s, ETA 0s)
     batch    8/10  loss=1.685  (16.4 batch/s, ETA 0s)
     batch    9/10  loss=1.200  (16.5 batch/s, ETA 0s)
     batch   10/10  loss=1.596  (16.8 batch/s, ETA 0s)
    1   1.0243  0.648 0.369  |   0.6695  0.722 0.521     0.000998      9s *
  >> Epoch 2/40 - training
     batch    4/45  loss=0.802  (5.5 batch/s, ETA 8s)
     batch    8/45  loss=0.746  (5.5 batch/s, ETA 7s)
     batch   12/45  loss=0.728  (5.5 batch/s, ETA 6s)
     batch   16/45  loss=0.664  (5.4 batch/s, ETA 5s)
     batch   20/45  loss=0.635  (5.5 batch/s, ETA 5s)
     batch   24/45  loss=0.572  (5.5 batch/s, ETA 4s)
     batch   28/45  loss=0.481  (5.5 batch/s, ETA 3s)
     batch   32/45  loss=0.484  (5.5 batch/s, ETA 2s)
     batch   36/45  loss=0.495  (5.5 batch/s, ETA 2s)
     batch   40/45  loss=0.512  (5.5 batch/s, ETA 1s)
     batch   44/45  loss=0.445  (5.5 batch/s, ETA 0s)
     batch   45/45  loss=0.443  (5.5 batch/s, ETA 0s)
  >> Epoch 2/40 - validating
     batch    1/10  loss=0.034  (17.7 batch/s, ETA 1s)
     batch    2/10  loss=0.026  (17.1 batch/s, ETA 0s)
     batch    3/10  loss=0.012  (17.0 batch/s, ETA 0s)
     batch    4/10  loss=0.093  (17.1 batch/s, ETA 0s)
     batch    5/10  loss=0.193  (17.0 batch/s, ETA 0s)
     batch    6/10  loss=0.183  (16.9 batch/s, ETA 0s)
     batch    7/10  loss=1.052  (16.9 batch/s, ETA 0s)
     batch    8/10  loss=0.987  (17.1 batch/s, ETA 0s)
     batch    9/10  loss=0.816  (17.1 batch/s, ETA 0s)
     batch   10/10  loss=0.368  (17.3 batch/s, ETA 0s)
    2   0.5805  0.785 0.661  |   0.3764  0.871 0.822     0.000994      9s *
  >> Epoch 3/40 - training
     batch    4/45  loss=0.393  (5.7 batch/s, ETA 7s)
     batch    8/45  loss=0.353  (5.6 batch/s, ETA 7s)
     batch   12/45  loss=0.399  (5.5 batch/s, ETA 6s)
     batch   16/45  loss=0.524  (5.6 batch/s, ETA 5s)
     batch   20/45  loss=0.385  (5.6 batch/s, ETA 5s)
     batch   24/45  loss=0.328  (5.6 batch/s, ETA 4s)
     batch   28/45  loss=0.271  (5.6 batch/s, ETA 3s)
     batch   32/45  loss=0.611  (5.5 batch/s, ETA 2s)
     batch   36/45  loss=0.477  (5.6 batch/s, ETA 2s)
     batch   40/45  loss=0.419  (5.5 batch/s, ETA 1s)
     batch   44/45  loss=0.407  (5.5 batch/s, ETA 0s)
     batch   45/45  loss=0.433  (5.5 batch/s, ETA 0s)
  >> Epoch 3/40 - validating
     batch    1/10  loss=0.059  (16.2 batch/s, ETA 1s)
     batch    2/10  loss=0.039  (15.9 batch/s, ETA 1s)
     batch    3/10  loss=0.010  (16.6 batch/s, ETA 0s)
     batch    4/10  loss=0.081  (16.5 batch/s, ETA 0s)
     batch    5/10  loss=0.143  (16.5 batch/s, ETA 0s)
     batch    6/10  loss=0.168  (16.9 batch/s, ETA 0s)
     batch    7/10  loss=0.982  (16.9 batch/s, ETA 0s)
     batch    8/10  loss=0.571  (16.7 batch/s, ETA 0s)
     batch    9/10  loss=0.773  (16.7 batch/s, ETA 0s)
     batch   10/10  loss=0.072  (17.2 batch/s, ETA 0s)
    3   0.4153  0.847 0.785  |   0.2944  0.905 0.876     0.000986      9s *
  >> Epoch 4/40 - training
     batch    4/45  loss=0.384  (5.8 batch/s, ETA 7s)
     batch    8/45  loss=0.341  (5.6 batch/s, ETA 7s)
     batch   12/45  loss=0.354  (5.6 batch/s, ETA 6s)
     batch   16/45  loss=0.264  (5.5 batch/s, ETA 5s)
     batch   20/45  loss=0.295  (5.4 batch/s, ETA 5s)
     batch   24/45  loss=0.351  (5.4 batch/s, ETA 4s)
     batch   28/45  loss=0.353  (5.4 batch/s, ETA 3s)
     batch   32/45  loss=0.248  (5.3 batch/s, ETA 2s)
     batch   36/45  loss=0.289  (5.3 batch/s, ETA 2s)
     batch   40/45  loss=0.263  (5.4 batch/s, ETA 1s)
     batch   44/45  loss=0.293  (5.5 batch/s, ETA 0s)
     batch   45/45  loss=0.410  (5.5 batch/s, ETA 0s)
  >> Epoch 4/40 - validating
     batch    1/10  loss=0.006  (18.5 batch/s, ETA 0s)
     batch    2/10  loss=0.004  (19.6 batch/s, ETA 0s)
     batch    3/10  loss=0.001  (20.1 batch/s, ETA 0s)
     batch    4/10  loss=0.042  (20.2 batch/s, ETA 0s)
     batch    5/10  loss=0.100  (19.9 batch/s, ETA 0s)
     batch    6/10  loss=0.124  (19.7 batch/s, ETA 0s)
     batch    7/10  loss=0.761  (19.9 batch/s, ETA 0s)
     batch    8/10  loss=0.632  (20.2 batch/s, ETA 0s)
     batch    9/10  loss=0.863  (20.5 batch/s, ETA 0s)
     batch   10/10  loss=0.039  (21.0 batch/s, ETA 0s)
    4   0.3138  0.882 0.840  |   0.2617  0.897 0.863     0.000976      9s
  >> Epoch 5/40 - training
     batch    4/45  loss=0.270  (6.4 batch/s, ETA 6s)
     batch    8/45  loss=0.280  (6.3 batch/s, ETA 6s)
     batch   12/45  loss=0.224  (6.4 batch/s, ETA 5s)
     batch   16/45  loss=0.269  (6.4 batch/s, ETA 5s)
     batch   20/45  loss=0.204  (6.3 batch/s, ETA 4s)
     batch   24/45  loss=0.156  (6.3 batch/s, ETA 3s)
     batch   28/45  loss=0.209  (6.1 batch/s, ETA 3s)
     batch   32/45  loss=0.297  (6.0 batch/s, ETA 2s)
     batch   36/45  loss=0.318  (5.9 batch/s, ETA 2s)
     batch   40/45  loss=0.291  (5.9 batch/s, ETA 1s)
     batch   44/45  loss=0.297  (5.8 batch/s, ETA 0s)
     batch   45/45  loss=0.223  (5.8 batch/s, ETA 0s)
  >> Epoch 5/40 - validating
     batch    1/10  loss=0.001  (15.5 batch/s, ETA 1s)
     batch    2/10  loss=0.001  (16.8 batch/s, ETA 0s)
     batch    3/10  loss=0.001  (16.6 batch/s, ETA 0s)
     batch    4/10  loss=0.044  (16.3 batch/s, ETA 0s)
     batch    5/10  loss=0.123  (16.4 batch/s, ETA 0s)
     batch    6/10  loss=0.157  (16.8 batch/s, ETA 0s)
     batch    7/10  loss=0.617  (16.8 batch/s, ETA 0s)
     batch    8/10  loss=0.612  (16.7 batch/s, ETA 0s)
     batch    9/10  loss=0.721  (16.6 batch/s, ETA 0s)
     batch   10/10  loss=0.042  (17.0 batch/s, ETA 0s)
    5   0.2721  0.894 0.861  |   0.2358  0.900 0.868     0.000962      8s
  >> Epoch 6/40 - training
     batch    4/45  loss=0.274  (5.3 batch/s, ETA 8s)
     batch    8/45  loss=0.258  (5.4 batch/s, ETA 7s)
     batch   12/45  loss=0.283  (5.4 batch/s, ETA 6s)
     batch   16/45  loss=0.246  (5.4 batch/s, ETA 5s)
     batch   20/45  loss=0.224  (5.4 batch/s, ETA 5s)
     batch   24/45  loss=0.170  (5.4 batch/s, ETA 4s)
     batch   28/45  loss=0.188  (5.4 batch/s, ETA 3s)
     batch   32/45  loss=0.273  (5.4 batch/s, ETA 2s)
     batch   36/45  loss=0.282  (5.4 batch/s, ETA 2s)
     batch   40/45  loss=0.254  (5.4 batch/s, ETA 1s)
     batch   44/45  loss=0.211  (5.4 batch/s, ETA 0s)
     batch   45/45  loss=0.199  (5.4 batch/s, ETA 0s)
  >> Epoch 6/40 - validating
     batch    1/10  loss=0.002  (17.1 batch/s, ETA 1s)
     batch    2/10  loss=0.001  (16.7 batch/s, ETA 0s)
     batch    3/10  loss=0.000  (16.2 batch/s, ETA 0s)
     batch    4/10  loss=0.025  (16.2 batch/s, ETA 0s)
     batch    5/10  loss=0.086  (16.5 batch/s, ETA 0s)
     batch    6/10  loss=0.133  (16.5 batch/s, ETA 0s)
     batch    7/10  loss=0.768  (16.7 batch/s, ETA 0s)
     batch    8/10  loss=0.537  (16.6 batch/s, ETA 0s)
     batch    9/10  loss=0.707  (16.5 batch/s, ETA 0s)
     batch   10/10  loss=0.041  (16.9 batch/s, ETA 0s)
    6   0.2335  0.910 0.885  |   0.2339  0.901 0.870     0.000946      9s
  >> Epoch 7/40 - training
     batch    4/45  loss=0.217  (5.4 batch/s, ETA 8s)
     batch    8/45  loss=0.260  (5.4 batch/s, ETA 7s)
     batch   12/45  loss=0.153  (5.4 batch/s, ETA 6s)
     batch   16/45  loss=0.297  (5.4 batch/s, ETA 5s)
     batch   20/45  loss=0.059  (5.4 batch/s, ETA 5s)
     batch   24/45  loss=0.211  (5.4 batch/s, ETA 4s)
     batch   28/45  loss=0.196  (5.4 batch/s, ETA 3s)
     batch   32/45  loss=0.201  (5.4 batch/s, ETA 2s)
     batch   36/45  loss=0.202  (5.4 batch/s, ETA 2s)
     batch   40/45  loss=0.203  (5.4 batch/s, ETA 1s)
     batch   44/45  loss=0.191  (5.4 batch/s, ETA 0s)
     batch   45/45  loss=0.257  (5.4 batch/s, ETA 0s)
  >> Epoch 7/40 - validating
     batch    1/10  loss=0.003  (15.6 batch/s, ETA 1s)
     batch    2/10  loss=0.002  (15.5 batch/s, ETA 1s)
     batch    3/10  loss=0.000  (15.4 batch/s, ETA 0s)
     batch    4/10  loss=0.070  (15.7 batch/s, ETA 0s)
     batch    5/10  loss=0.255  (16.2 batch/s, ETA 0s)
     batch    6/10  loss=0.223  (16.6 batch/s, ETA 0s)
     batch    7/10  loss=0.371  (16.5 batch/s, ETA 0s)
     batch    8/10  loss=0.250  (16.5 batch/s, ETA 0s)
     batch    9/10  loss=0.550  (16.5 batch/s, ETA 0s)
     batch   10/10  loss=0.029  (16.9 batch/s, ETA 0s)
    7   0.2093  0.917 0.896  |   0.1782  0.919 0.900     0.000926      9s *
  >> Epoch 8/40 - training
     batch    4/45  loss=0.109  (5.5 batch/s, ETA 7s)
     batch    8/45  loss=0.197  (5.4 batch/s, ETA 7s)
     batch   12/45  loss=0.111  (5.4 batch/s, ETA 6s)
     batch   16/45  loss=0.239  (5.4 batch/s, ETA 5s)
     batch   20/45  loss=0.175  (5.4 batch/s, ETA 5s)
     batch   24/45  loss=0.162  (5.4 batch/s, ETA 4s)
     batch   28/45  loss=0.229  (5.4 batch/s, ETA 3s)
     batch   32/45  loss=0.152  (5.4 batch/s, ETA 2s)
     batch   36/45  loss=0.164  (5.5 batch/s, ETA 2s)
     batch   40/45  loss=0.186  (5.4 batch/s, ETA 1s)
     batch   44/45  loss=0.093  (5.5 batch/s, ETA 0s)
     batch   45/45  loss=0.198  (5.5 batch/s, ETA 0s)
  >> Epoch 8/40 - validating
     batch    1/10  loss=0.001  (16.5 batch/s, ETA 1s)
     batch    2/10  loss=0.001  (16.1 batch/s, ETA 0s)
     batch    3/10  loss=0.000  (16.2 batch/s, ETA 0s)
     batch    4/10  loss=0.034  (16.1 batch/s, ETA 0s)
     batch    5/10  loss=0.122  (16.1 batch/s, ETA 0s)
     batch    6/10  loss=0.137  (16.4 batch/s, ETA 0s)
     batch    7/10  loss=0.389  (16.5 batch/s, ETA 0s)
     batch    8/10  loss=0.290  (16.9 batch/s, ETA 0s)
     batch    9/10  loss=0.801  (17.0 batch/s, ETA 0s)
     batch   10/10  loss=0.010  (17.4 batch/s, ETA 0s)
    8   0.1847  0.925 0.908  |   0.1821  0.919 0.898     0.000905      9s
  >> Epoch 9/40 - training
     batch    4/45  loss=0.161  (5.5 batch/s, ETA 7s)
     batch    8/45  loss=0.148  (5.4 batch/s, ETA 7s)
     batch   12/45  loss=0.154  (5.4 batch/s, ETA 6s)
     batch   16/45  loss=0.184  (5.4 batch/s, ETA 5s)
     batch   20/45  loss=0.187  (5.4 batch/s, ETA 5s)
     batch   24/45  loss=0.155  (5.4 batch/s, ETA 4s)
     batch   28/45  loss=0.114  (5.4 batch/s, ETA 3s)
     batch   32/45  loss=0.137  (5.5 batch/s, ETA 2s)
     batch   36/45  loss=0.202  (5.5 batch/s, ETA 2s)
     batch   40/45  loss=0.136  (5.5 batch/s, ETA 1s)
     batch   44/45  loss=0.283  (5.4 batch/s, ETA 0s)
     batch   45/45  loss=0.121  (5.5 batch/s, ETA 0s)
  >> Epoch 9/40 - validating
     batch    1/10  loss=0.000  (15.5 batch/s, ETA 1s)
     batch    2/10  loss=0.000  (16.1 batch/s, ETA 0s)
     batch    3/10  loss=0.000  (16.1 batch/s, ETA 0s)
     batch    4/10  loss=0.018  (16.2 batch/s, ETA 0s)
     batch    5/10  loss=0.075  (16.4 batch/s, ETA 0s)
     batch    6/10  loss=0.114  (16.4 batch/s, ETA 0s)
     batch    7/10  loss=0.701  (16.3 batch/s, ETA 0s)
     batch    8/10  loss=0.371  (16.3 batch/s, ETA 0s)
     batch    9/10  loss=0.868  (16.3 batch/s, ETA 0s)
     batch   10/10  loss=0.008  (16.5 batch/s, ETA 0s)
    9   0.1641  0.933 0.919  |   0.2198  0.912 0.887     0.000880      9s
  >> Epoch 10/40 - training
     batch    4/45  loss=0.162  (5.3 batch/s, ETA 8s)
     batch    8/45  loss=0.137  (5.3 batch/s, ETA 7s)
     batch   12/45  loss=0.252  (5.3 batch/s, ETA 6s)
     batch   16/45  loss=0.151  (5.4 batch/s, ETA 5s)
     batch   20/45  loss=0.201  (5.4 batch/s, ETA 5s)
     batch   24/45  loss=0.233  (5.4 batch/s, ETA 4s)
     batch   28/45  loss=0.159  (5.4 batch/s, ETA 3s)
     batch   32/45  loss=0.217  (5.4 batch/s, ETA 2s)
     batch   36/45  loss=0.151  (5.4 batch/s, ETA 2s)
     batch   40/45  loss=0.156  (5.4 batch/s, ETA 1s)
     batch   44/45  loss=0.155  (5.4 batch/s, ETA 0s)
     batch   45/45  loss=0.146  (5.4 batch/s, ETA 0s)
  >> Epoch 10/40 - validating
     batch    1/10  loss=0.000  (15.9 batch/s, ETA 1s)
     batch    2/10  loss=0.000  (16.2 batch/s, ETA 0s)
     batch    3/10  loss=0.000  (16.1 batch/s, ETA 0s)
     batch    4/10  loss=0.019  (16.2 batch/s, ETA 0s)
     batch    5/10  loss=0.079  (16.0 batch/s, ETA 0s)
     batch    6/10  loss=0.131  (16.0 batch/s, ETA 0s)
     batch    7/10  loss=0.660  (16.0 batch/s, ETA 0s)
     batch    8/10  loss=0.334  (16.0 batch/s, ETA 0s)
     batch    9/10  loss=0.855  (16.0 batch/s, ETA 0s)
     batch   10/10  loss=0.017  (16.2 batch/s, ETA 0s)
   10   0.1575  0.939 0.925  |   0.2135  0.918 0.896     0.000854      9s
  >> Epoch 11/40 - training
     batch    4/45  loss=0.127  (5.3 batch/s, ETA 8s)
     batch    8/45  loss=0.160  (5.3 batch/s, ETA 7s)
     batch   12/45  loss=0.103  (5.3 batch/s, ETA 6s)
     batch   16/45  loss=0.130  (5.4 batch/s, ETA 5s)
     batch   20/45  loss=0.185  (5.4 batch/s, ETA 5s)
     batch   24/45  loss=0.133  (5.4 batch/s, ETA 4s)
     batch   28/45  loss=0.128  (5.4 batch/s, ETA 3s)
     batch   32/45  loss=0.190  (5.4 batch/s, ETA 2s)
     batch   36/45  loss=0.153  (5.4 batch/s, ETA 2s)
     batch   40/45  loss=0.123  (5.4 batch/s, ETA 1s)
     batch   44/45  loss=0.152  (5.4 batch/s, ETA 0s)
     batch   45/45  loss=0.086  (5.4 batch/s, ETA 0s)
  >> Epoch 11/40 - validating
     batch    1/10  loss=0.001  (16.2 batch/s, ETA 1s)
     batch    2/10  loss=0.000  (15.8 batch/s, ETA 1s)
     batch    3/10  loss=0.000  (16.1 batch/s, ETA 0s)
     batch    4/10  loss=0.038  (16.8 batch/s, ETA 0s)
     batch    5/10  loss=0.144  (17.3 batch/s, ETA 0s)
     batch    6/10  loss=0.137  (18.1 batch/s, ETA 0s)
     batch    7/10  loss=0.398  (17.8 batch/s, ETA 0s)
     batch    8/10  loss=0.305  (17.6 batch/s, ETA 0s)
     batch    9/10  loss=0.937  (17.4 batch/s, ETA 0s)
     batch   10/10  loss=0.041  (17.7 batch/s, ETA 0s)
   11   0.1404  0.946 0.936  |   0.2033  0.915 0.893     0.000825      9s
  >> Epoch 12/40 - training
     batch    4/45  loss=0.128  (5.7 batch/s, ETA 7s)
     batch    8/45  loss=0.177  (5.5 batch/s, ETA 7s)
     batch   12/45  loss=0.139  (5.5 batch/s, ETA 6s)
     batch   16/45  loss=0.121  (5.4 batch/s, ETA 5s)
     batch   20/45  loss=0.156  (5.4 batch/s, ETA 5s)
     batch   24/45  loss=0.186  (5.4 batch/s, ETA 4s)
     batch   28/45  loss=0.089  (5.4 batch/s, ETA 3s)
     batch   32/45  loss=0.142  (5.4 batch/s, ETA 2s)
     batch   36/45  loss=0.171  (5.4 batch/s, ETA 2s)
     batch   40/45  loss=0.192  (5.5 batch/s, ETA 1s)
     batch   44/45  loss=0.080  (5.6 batch/s, ETA 0s)
     batch   45/45  loss=0.104  (5.6 batch/s, ETA 0s)
  >> Epoch 12/40 - validating
     batch    1/10  loss=0.000  (20.7 batch/s, ETA 0s)
     batch    2/10  loss=0.000  (20.8 batch/s, ETA 0s)
     batch    3/10  loss=0.000  (21.1 batch/s, ETA 0s)
     batch    4/10  loss=0.013  (21.5 batch/s, ETA 0s)
     batch    5/10  loss=0.051  (21.6 batch/s, ETA 0s)
     batch    6/10  loss=0.151  (21.7 batch/s, ETA 0s)
     batch    7/10  loss=0.870  (21.5 batch/s, ETA 0s)
     batch    8/10  loss=0.485  (21.5 batch/s, ETA 0s)
     batch    9/10  loss=0.901  (21.2 batch/s, ETA 0s)
     batch   10/10  loss=0.020  (21.7 batch/s, ETA 0s)
   12   0.1382  0.946 0.936  |   0.2540  0.917 0.894     0.000794      9s
  >> Epoch 13/40 - training
     batch    4/45  loss=0.111  (6.3 batch/s, ETA 6s)
     batch    8/45  loss=0.117  (6.2 batch/s, ETA 6s)
     batch   12/45  loss=0.070  (6.1 batch/s, ETA 5s)
     batch   16/45  loss=0.052  (6.1 batch/s, ETA 5s)
     batch   20/45  loss=0.073  (6.0 batch/s, ETA 4s)
     batch   24/45  loss=0.174  (6.0 batch/s, ETA 4s)
     batch   28/45  loss=0.083  (5.8 batch/s, ETA 3s)
     batch   32/45  loss=0.102  (5.7 batch/s, ETA 2s)
     batch   36/45  loss=0.094  (5.7 batch/s, ETA 2s)
     batch   40/45  loss=0.144  (5.6 batch/s, ETA 1s)
     batch   44/45  loss=0.109  (5.6 batch/s, ETA 0s)
     batch   45/45  loss=0.206  (5.6 batch/s, ETA 0s)
  >> Epoch 13/40 - validating
     batch    1/10  loss=0.000  (15.8 batch/s, ETA 1s)
     batch    2/10  loss=0.000  (15.4 batch/s, ETA 1s)
     batch    3/10  loss=0.000  (15.5 batch/s, ETA 0s)
     batch    4/10  loss=0.154  (15.5 batch/s, ETA 0s)
     batch    5/10  loss=0.540  (15.6 batch/s, ETA 0s)
     batch    6/10  loss=0.309  (15.6 batch/s, ETA 0s)
     batch    7/10  loss=0.127  (15.6 batch/s, ETA 0s)
     batch    8/10  loss=0.128  (15.8 batch/s, ETA 0s)
     batch    9/10  loss=0.778  (16.1 batch/s, ETA 0s)
     batch   10/10  loss=0.002  (16.7 batch/s, ETA 0s)
   13   0.1181  0.953 0.943  |   0.2080  0.914 0.897     0.000761      9s
  >> Epoch 14/40 - training
     batch    4/45  loss=0.137  (5.3 batch/s, ETA 8s)
     batch    8/45  loss=0.099  (5.2 batch/s, ETA 7s)
     batch   12/45  loss=0.059  (5.3 batch/s, ETA 6s)
     batch   16/45  loss=0.174  (5.3 batch/s, ETA 5s)
     batch   20/45  loss=0.097  (5.3 batch/s, ETA 5s)
     batch   24/45  loss=0.152  (5.3 batch/s, ETA 4s)
     batch   28/45  loss=0.116  (5.3 batch/s, ETA 3s)
     batch   32/45  loss=0.129  (5.3 batch/s, ETA 2s)
     batch   36/45  loss=0.073  (5.3 batch/s, ETA 2s)
     batch   40/45  loss=0.148  (5.3 batch/s, ETA 1s)
     batch   44/45  loss=0.082  (5.3 batch/s, ETA 0s)
     batch   45/45  loss=0.128  (5.3 batch/s, ETA 0s)
  >> Epoch 14/40 - validating
     batch    1/10  loss=0.000  (15.7 batch/s, ETA 1s)
     batch    2/10  loss=0.000  (17.0 batch/s, ETA 0s)
     batch    3/10  loss=0.000  (17.6 batch/s, ETA 0s)
     batch    4/10  loss=0.046  (17.3 batch/s, ETA 0s)
     batch    5/10  loss=0.211  (17.4 batch/s, ETA 0s)
     batch    6/10  loss=0.317  (17.1 batch/s, ETA 0s)
     batch    7/10  loss=0.534  (17.0 batch/s, ETA 0s)
     batch    8/10  loss=0.309  (17.2 batch/s, ETA 0s)
     batch    9/10  loss=0.448  (17.1 batch/s, ETA 0s)
     batch   10/10  loss=0.046  (17.4 batch/s, ETA 0s)
   14   0.1280  0.950 0.939  |   0.1942  0.917 0.901     0.000727      9s *
  >> Epoch 15/40 - training
     batch    4/45  loss=0.098  (5.3 batch/s, ETA 8s)
     batch    8/45  loss=0.102  (5.3 batch/s, ETA 7s)
     batch   12/45  loss=0.062  (5.2 batch/s, ETA 6s)
     batch   16/45  loss=0.124  (5.2 batch/s, ETA 6s)
     batch   20/45  loss=0.103  (5.3 batch/s, ETA 5s)
     batch   24/45  loss=0.134  (5.3 batch/s, ETA 4s)
     batch   28/45  loss=0.163  (5.3 batch/s, ETA 3s)
     batch   32/45  loss=0.100  (5.3 batch/s, ETA 2s)
     batch   36/45  loss=0.124  (5.3 batch/s, ETA 2s)
     batch   40/45  loss=0.108  (5.3 batch/s, ETA 1s)
     batch   44/45  loss=0.132  (5.3 batch/s, ETA 0s)
     batch   45/45  loss=0.091  (5.3 batch/s, ETA 0s)
  >> Epoch 15/40 - validating
     batch    1/10  loss=0.000  (16.5 batch/s, ETA 1s)
     batch    2/10  loss=0.000  (16.9 batch/s, ETA 0s)
     batch    3/10  loss=0.000  (16.9 batch/s, ETA 0s)
     batch    4/10  loss=0.077  (16.6 batch/s, ETA 0s)
     batch    5/10  loss=0.366  (16.4 batch/s, ETA 0s)
     batch    6/10  loss=0.454  (16.4 batch/s, ETA 0s)
     batch    7/10  loss=0.307  (16.7 batch/s, ETA 0s)
     batch    8/10  loss=0.172  (16.6 batch/s, ETA 0s)
     batch    9/10  loss=0.437  (16.6 batch/s, ETA 0s)
     batch   10/10  loss=0.011  (16.9 batch/s, ETA 0s)
   15   0.1099  0.957 0.949  |   0.1859  0.923 0.911     0.000691      9s *
  >> Epoch 16/40 - training
     batch    4/45  loss=0.080  (5.2 batch/s, ETA 8s)
     batch    8/45  loss=0.056  (5.2 batch/s, ETA 7s)
     batch   12/45  loss=0.089  (5.3 batch/s, ETA 6s)
     batch   16/45  loss=0.071  (5.3 batch/s, ETA 5s)
     batch   20/45  loss=0.076  (5.3 batch/s, ETA 5s)
     batch   24/45  loss=0.060  (5.3 batch/s, ETA 4s)
     batch   28/45  loss=0.096  (5.4 batch/s, ETA 3s)
     batch   32/45  loss=0.055  (5.4 batch/s, ETA 2s)
     batch   36/45  loss=0.066  (5.4 batch/s, ETA 2s)
     batch   40/45  loss=0.087  (5.4 batch/s, ETA 1s)
     batch   44/45  loss=0.112  (5.4 batch/s, ETA 0s)
     batch   45/45  loss=0.113  (5.4 batch/s, ETA 0s)
  >> Epoch 16/40 - validating
     batch    1/10  loss=0.000  (15.3 batch/s, ETA 1s)
     batch    2/10  loss=0.000  (15.5 batch/s, ETA 1s)
     batch    3/10  loss=0.000  (15.8 batch/s, ETA 0s)
     batch    4/10  loss=0.023  (16.2 batch/s, ETA 0s)
     batch    5/10  loss=0.161  (16.1 batch/s, ETA 0s)
     batch    6/10  loss=0.355  (16.5 batch/s, ETA 0s)
     batch    7/10  loss=0.649  (16.5 batch/s, ETA 0s)
     batch    8/10  loss=0.223  (16.4 batch/s, ETA 0s)
     batch    9/10  loss=0.502  (16.5 batch/s, ETA 0s)
     batch   10/10  loss=0.002  (16.8 batch/s, ETA 0s)
   16   0.0843  0.967 0.959  |   0.1953  0.922 0.908     0.000655      9s
  >> Epoch 17/40 - training
     batch    4/45  loss=0.177  (5.5 batch/s, ETA 7s)
     batch    8/45  loss=0.085  (5.4 batch/s, ETA 7s)
     batch   12/45  loss=0.069  (5.4 batch/s, ETA 6s)
     batch   16/45  loss=0.105  (5.4 batch/s, ETA 5s)
     batch   20/45  loss=0.031  (5.4 batch/s, ETA 5s)
     batch   24/45  loss=0.091  (5.4 batch/s, ETA 4s)
     batch   28/45  loss=0.104  (5.4 batch/s, ETA 3s)
     batch   32/45  loss=0.049  (5.4 batch/s, ETA 2s)
     batch   36/45  loss=0.070  (5.4 batch/s, ETA 2s)
     batch   40/45  loss=0.083  (5.4 batch/s, ETA 1s)
     batch   44/45  loss=0.098  (5.4 batch/s, ETA 0s)
     batch   45/45  loss=0.072  (5.4 batch/s, ETA 0s)
  >> Epoch 17/40 - validating
     batch    1/10  loss=0.000  (16.0 batch/s, ETA 1s)
     batch    2/10  loss=0.000  (16.0 batch/s, ETA 0s)
     batch    3/10  loss=0.000  (16.5 batch/s, ETA 0s)
     batch    4/10  loss=0.022  (16.5 batch/s, ETA 0s)
     batch    5/10  loss=0.152  (16.5 batch/s, ETA 0s)
     batch    6/10  loss=0.312  (16.4 batch/s, ETA 0s)
     batch    7/10  loss=0.677  (16.4 batch/s, ETA 0s)
     batch    8/10  loss=0.401  (16.7 batch/s, ETA 0s)
     batch    9/10  loss=0.770  (16.7 batch/s, ETA 0s)
     batch   10/10  loss=0.001  (17.0 batch/s, ETA 0s)
   17   0.0774  0.972 0.968  |   0.2384  0.916 0.898     0.000617      9s
  >> Epoch 18/40 - training
     batch    4/45  loss=0.049  (5.4 batch/s, ETA 8s)
     batch    8/45  loss=0.062  (5.4 batch/s, ETA 7s)
     batch   12/45  loss=0.079  (5.4 batch/s, ETA 6s)
     batch   16/45  loss=0.059  (5.4 batch/s, ETA 5s)
     batch   20/45  loss=0.037  (5.4 batch/s, ETA 5s)
     batch   24/45  loss=0.100  (5.4 batch/s, ETA 4s)
     batch   28/45  loss=0.110  (5.4 batch/s, ETA 3s)
     batch   32/45  loss=0.053  (5.4 batch/s, ETA 2s)
     batch   36/45  loss=0.072  (5.4 batch/s, ETA 2s)
     batch   40/45  loss=0.063  (5.4 batch/s, ETA 1s)
     batch   44/45  loss=0.144  (5.4 batch/s, ETA 0s)
     batch   45/45  loss=0.082  (5.4 batch/s, ETA 0s)
  >> Epoch 18/40 - validating
     batch    1/10  loss=0.000  (17.9 batch/s, ETA 1s)
     batch    2/10  loss=0.000  (17.1 batch/s, ETA 0s)
     batch    3/10  loss=0.000  (16.8 batch/s, ETA 0s)
     batch    4/10  loss=0.030  (16.8 batch/s, ETA 0s)
     batch    5/10  loss=0.202  (16.6 batch/s, ETA 0s)
     batch    6/10  loss=0.297  (16.5 batch/s, ETA 0s)
     batch    7/10  loss=0.475  (16.4 batch/s, ETA 0s)
     batch    8/10  loss=0.270  (16.8 batch/s, ETA 0s)
     batch    9/10  loss=0.789  (16.6 batch/s, ETA 0s)
     batch   10/10  loss=0.007  (16.8 batch/s, ETA 0s)
   18   0.0770  0.972 0.968  |   0.2111  0.917 0.901     0.000578      9s
  >> Epoch 19/40 - training
     batch    4/45  loss=0.082  (5.3 batch/s, ETA 8s)
     batch    8/45  loss=0.055  (5.3 batch/s, ETA 7s)
     batch   12/45  loss=0.095  (5.3 batch/s, ETA 6s)
     batch   16/45  loss=0.038  (5.4 batch/s, ETA 5s)
     batch   20/45  loss=0.096  (5.4 batch/s, ETA 5s)
     batch   24/45  loss=0.041  (5.4 batch/s, ETA 4s)
     batch   28/45  loss=0.053  (5.4 batch/s, ETA 3s)
     batch   32/45  loss=0.059  (5.5 batch/s, ETA 2s)
     batch   36/45  loss=0.107  (5.4 batch/s, ETA 2s)
     batch   40/45  loss=0.176  (5.5 batch/s, ETA 1s)
     batch   44/45  loss=0.066  (5.4 batch/s, ETA 0s)
     batch   45/45  loss=0.047  (5.5 batch/s, ETA 0s)
  >> Epoch 19/40 - validating
     batch    1/10  loss=0.000  (15.8 batch/s, ETA 1s)
     batch    2/10  loss=0.000  (15.7 batch/s, ETA 1s)
     batch    3/10  loss=0.000  (15.9 batch/s, ETA 0s)
     batch    4/10  loss=0.031  (16.4 batch/s, ETA 0s)
     batch    5/10  loss=0.230  (16.7 batch/s, ETA 0s)
     batch    6/10  loss=0.460  (17.1 batch/s, ETA 0s)
     batch    7/10  loss=0.563  (17.3 batch/s, ETA 0s)
     batch    8/10  loss=0.252  (17.4 batch/s, ETA 0s)
     batch    9/10  loss=0.385  (17.3 batch/s, ETA 0s)
     batch   10/10  loss=0.002  (17.8 batch/s, ETA 0s)
   19   0.0704  0.974 0.969  |   0.1964  0.919 0.904     0.000539      9s
  >> Epoch 20/40 - training
     batch    4/45  loss=0.088  (5.5 batch/s, ETA 7s)
     batch    8/45  loss=0.141  (5.5 batch/s, ETA 7s)
     batch   12/45  loss=0.079  (5.5 batch/s, ETA 6s)
     batch   16/45  loss=0.053  (5.4 batch/s, ETA 5s)
     batch   20/45  loss=0.046  (5.5 batch/s, ETA 5s)
     batch   24/45  loss=0.042  (5.5 batch/s, ETA 4s)
     batch   28/45  loss=0.112  (5.5 batch/s, ETA 3s)
     batch   32/45  loss=0.068  (5.5 batch/s, ETA 2s)
     batch   36/45  loss=0.123  (5.4 batch/s, ETA 2s)
     batch   40/45  loss=0.048  (5.4 batch/s, ETA 1s)
     batch   44/45  loss=0.057  (5.4 batch/s, ETA 0s)
     batch   45/45  loss=0.037  (5.4 batch/s, ETA 0s)
  >> Epoch 20/40 - validating
     batch    1/10  loss=0.000  (15.5 batch/s, ETA 1s)
     batch    2/10  loss=0.000  (15.6 batch/s, ETA 1s)
     batch    3/10  loss=0.000  (15.9 batch/s, ETA 0s)
     batch    4/10  loss=0.020  (15.9 batch/s, ETA 0s)
     batch    5/10  loss=0.166  (15.9 batch/s, ETA 0s)
     batch    6/10  loss=0.183  (15.9 batch/s, ETA 0s)
     batch    7/10  loss=0.591  (16.0 batch/s, ETA 0s)
     batch    8/10  loss=0.270  (16.0 batch/s, ETA 0s)
     batch    9/10  loss=1.170  (16.3 batch/s, ETA 0s)
     batch   10/10  loss=0.001  (16.8 batch/s, ETA 0s)
   20   0.0753  0.972 0.967  |   0.2451  0.917 0.898     0.000500      9s
  >> Epoch 21/40 - training
     batch    4/45  loss=0.048  (5.6 batch/s, ETA 7s)
     batch    8/45  loss=0.076  (5.4 batch/s, ETA 7s)
     batch   12/45  loss=0.039  (5.3 batch/s, ETA 6s)
     batch   16/45  loss=0.032  (5.3 batch/s, ETA 5s)
     batch   20/45  loss=0.017  (5.4 batch/s, ETA 5s)
     batch   24/45  loss=0.054  (5.4 batch/s, ETA 4s)
     batch   28/45  loss=0.070  (5.4 batch/s, ETA 3s)
     batch   32/45  loss=0.050  (5.4 batch/s, ETA 2s)
     batch   36/45  loss=0.047  (5.4 batch/s, ETA 2s)
     batch   40/45  loss=0.049  (5.4 batch/s, ETA 1s)
     batch   44/45  loss=0.048  (5.4 batch/s, ETA 0s)
     batch   45/45  loss=0.055  (5.4 batch/s, ETA 0s)
  >> Epoch 21/40 - validating
     batch    1/10  loss=0.000  (16.2 batch/s, ETA 1s)
     batch    2/10  loss=0.000  (16.2 batch/s, ETA 0s)
     batch    3/10  loss=0.000  (16.2 batch/s, ETA 0s)
     batch    4/10  loss=0.055  (16.3 batch/s, ETA 0s)
     batch    5/10  loss=0.278  (16.3 batch/s, ETA 0s)
     batch    6/10  loss=0.462  (16.9 batch/s, ETA 0s)
     batch    7/10  loss=0.361  (16.8 batch/s, ETA 0s)
     batch    8/10  loss=0.182  (16.7 batch/s, ETA 0s)
     batch    9/10  loss=0.653  (16.6 batch/s, ETA 0s)
     batch   10/10  loss=0.002  (17.0 batch/s, ETA 0s)
   21   0.0549  0.980 0.976  |   0.2034  0.915 0.901     0.000461      9s
  >> Epoch 22/40 - training
     batch    4/45  loss=0.029  (5.5 batch/s, ETA 7s)
     batch    8/45  loss=0.053  (5.5 batch/s, ETA 7s)
     batch   12/45  loss=0.053  (5.5 batch/s, ETA 6s)
     batch   16/45  loss=0.046  (5.5 batch/s, ETA 5s)
     batch   20/45  loss=0.039  (5.5 batch/s, ETA 5s)
     batch   24/45  loss=0.053  (5.5 batch/s, ETA 4s)
     batch   28/45  loss=0.044  (5.5 batch/s, ETA 3s)
     batch   32/45  loss=0.042  (5.5 batch/s, ETA 2s)
     batch   36/45  loss=0.106  (5.5 batch/s, ETA 2s)
     batch   40/45  loss=0.037  (5.5 batch/s, ETA 1s)
     batch   44/45  loss=0.051  (5.5 batch/s, ETA 0s)
     batch   45/45  loss=0.046  (5.5 batch/s, ETA 0s)
  >> Epoch 22/40 - validating
     batch    1/10  loss=0.000  (17.4 batch/s, ETA 1s)
     batch    2/10  loss=0.000  (16.6 batch/s, ETA 0s)
     batch    3/10  loss=0.000  (16.4 batch/s, ETA 0s)
     batch    4/10  loss=0.012  (16.2 batch/s, ETA 0s)
     batch    5/10  loss=0.127  (16.2 batch/s, ETA 0s)
     batch    6/10  loss=0.240  (16.1 batch/s, ETA 0s)
     batch    7/10  loss=0.609  (16.2 batch/s, ETA 0s)
     batch    8/10  loss=0.348  (16.3 batch/s, ETA 0s)
     batch    9/10  loss=0.911  (16.8 batch/s, ETA 0s)
     batch   10/10  loss=0.004  (17.2 batch/s, ETA 0s)
   22   0.0577  0.981 0.978  |   0.2297  0.921 0.904     0.000422      9s
  >> Epoch 23/40 - training
     batch    4/45  loss=0.045  (5.3 batch/s, ETA 8s)
     batch    8/45  loss=0.026  (5.4 batch/s, ETA 7s)
     batch   12/45  loss=0.071  (5.4 batch/s, ETA 6s)
     batch   16/45  loss=0.032  (5.4 batch/s, ETA 5s)
     batch   20/45  loss=0.019  (5.4 batch/s, ETA 5s)
     batch   24/45  loss=0.068  (5.4 batch/s, ETA 4s)
     batch   28/45  loss=0.045  (5.4 batch/s, ETA 3s)
     batch   32/45  loss=0.021  (5.4 batch/s, ETA 2s)
     batch   36/45  loss=0.061  (5.4 batch/s, ETA 2s)
     batch   40/45  loss=0.021  (5.5 batch/s, ETA 1s)
     batch   44/45  loss=0.029  (5.4 batch/s, ETA 0s)
     batch   45/45  loss=0.058  (5.5 batch/s, ETA 0s)
  >> Epoch 23/40 - validating
     batch    1/10  loss=0.000  (17.4 batch/s, ETA 1s)
     batch    2/10  loss=0.000  (17.8 batch/s, ETA 0s)
     batch    3/10  loss=0.000  (17.6 batch/s, ETA 0s)
     batch    4/10  loss=0.010  (17.2 batch/s, ETA 0s)
     batch    5/10  loss=0.078  (16.9 batch/s, ETA 0s)
     batch    6/10  loss=0.287  (16.7 batch/s, ETA 0s)
     batch    7/10  loss=0.828  (16.7 batch/s, ETA 0s)
     batch    8/10  loss=0.435  (16.5 batch/s, ETA 0s)
     batch    9/10  loss=1.043  (16.4 batch/s, ETA 0s)
     batch   10/10  loss=0.003  (16.8 batch/s, ETA 0s)
   23   0.0440  0.986 0.984  |   0.2739  0.918 0.900     0.000383      9s

Early stop: val F1 hasn't improved in 8 epochs.
--------------------------------------------------------------------------------
Training done in 3.4m.  Best val F1 = 0.9107

Loading best model for test evaluation...
  >> TEST evaluation
     batch    1/11  loss=0.009  (16.3 batch/s, ETA 1s)
     batch    2/11  loss=0.002  (15.9 batch/s, ETA 1s)
     batch    3/11  loss=0.000  (15.4 batch/s, ETA 1s)
     batch    4/11  loss=0.000  (15.5 batch/s, ETA 0s)
     batch    5/11  loss=0.066  (15.9 batch/s, ETA 0s)
     batch    6/11  loss=0.371  (15.8 batch/s, ETA 0s)
     batch    7/11  loss=0.153  (15.8 batch/s, ETA 0s)
     batch    8/11  loss=0.221  (15.9 batch/s, ETA 0s)
     batch    9/11  loss=0.305  (15.8 batch/s, ETA 0s)
     batch   10/11  loss=0.419  (16.0 batch/s, ETA 0s)
     batch   11/11  loss=0.058  (16.4 batch/s, ETA 0s)

TEST RESULTS
  loss     = 0.1484
  accuracy = 0.9335
  macro-F1 = 0.9143

Per-class test metrics:
           class  precision  recall     f1  support
       healthy 1     0.9323  0.9661 0.9489      855
  stator short 1     0.9298  0.9298 0.9298      171
  bearing bpfo 3     0.8913  0.7193 0.7961      171
broken rotor bar     0.9769  0.9883 0.9826      171

Misclassified test samples: 91 / 1368 (6.7%)

======================================================================
DONE - outputs in: C:\Project Work\Outputs\4class\training\ENVELOPE_dilated1d_v1
======================================================================
